Archive member included to satisfy reference by file (symbol)

/Applications/ArmGNUToolchain/14.2.rel1/arm-none-eabi/bin/../lib/gcc/arm-none-eabi/14.2.1/thumb/v6-m/nofp/libgcc.a(_dvmd_tls.o)
                              CMakeFiles/AP_DHCP.dir/Users/stanwancerski/pico/pico-sdk/src/rp2_common/pico_divider/divider_hardware.S.o (__aeabi_idiv0)
/Applications/ArmGNUToolchain/14.2.rel1/arm-none-eabi/bin/../lib/gcc/arm-none-eabi/14.2.1/../../../../arm-none-eabi/lib/thumb/v6-m/nofp/libg.a(libc_a-atoi.o)
                              CMakeFiles/AP_DHCP.dir/Users/stanwancerski/pico/pico-sdk/lib/lwip/src/core/netif.c.o (atoi)
/Applications/ArmGNUToolchain/14.2.rel1/arm-none-eabi/bin/../lib/gcc/arm-none-eabi/14.2.1/../../../../arm-none-eabi/lib/thumb/v6-m/nofp/libg.a(libc_a-calloc.o)
                              CMakeFiles/AP_DHCP.dir/Users/stanwancerski/pico/pico-sdk/src/rp2_common/pico_malloc/malloc.c.o (calloc)
/Applications/ArmGNUToolchain/14.2.rel1/arm-none-eabi/bin/../lib/gcc/arm-none-eabi/14.2.1/../../../../arm-none-eabi/lib/thumb/v6-m/nofp/libg.a(libc_a-callocr.o)
                              /Applications/ArmGNUToolchain/14.2.rel1/arm-none-eabi/bin/../lib/gcc/arm-none-eabi/14.2.1/../../../../arm-none-eabi/lib/thumb/v6-m/nofp/libg.a(libc_a-calloc.o) (_calloc_r)
/Applications/ArmGNUToolchain/14.2.rel1/arm-none-eabi/bin/../lib/gcc/arm-none-eabi/14.2.1/../../../../arm-none-eabi/lib/thumb/v6-m/nofp/libg.a(libc_a-malloc.o)
                              CMakeFiles/AP_DHCP.dir/Users/stanwancerski/pico/pico-sdk/src/rp2_common/pico_malloc/malloc.c.o (malloc)
/Applications/ArmGNUToolchain/14.2.rel1/arm-none-eabi/bin/../lib/gcc/arm-none-eabi/14.2.1/../../../../arm-none-eabi/lib/thumb/v6-m/nofp/libg.a(libc_a-mallocr.o)
                              /Applications/ArmGNUToolchain/14.2.rel1/arm-none-eabi/bin/../lib/gcc/arm-none-eabi/14.2.1/../../../../arm-none-eabi/lib/thumb/v6-m/nofp/libg.a(libc_a-callocr.o) (_malloc_r)
/Applications/ArmGNUToolchain/14.2.rel1/arm-none-eabi/bin/../lib/gcc/arm-none-eabi/14.2.1/../../../../arm-none-eabi/lib/thumb/v6-m/nofp/libg.a(libc_a-mlock.o)
                              /Applications/ArmGNUToolchain/14.2.rel1/arm-none-eabi/bin/../lib/gcc/arm-none-eabi/14.2.1/../../../../arm-none-eabi/lib/thumb/v6-m/nofp/libg.a(libc_a-mallocr.o) (__malloc_lock)
/Applications/ArmGNUToolchain/14.2.rel1/arm-none-eabi/bin/../lib/gcc/arm-none-eabi/14.2.1/../../../../arm-none-eabi/lib/thumb/v6-m/nofp/libg.a(libc_a-realloc.o)
                              CMakeFiles/AP_DHCP.dir/Users/stanwancerski/pico/pico-sdk/src/rp2_common/pico_malloc/malloc.c.o (realloc)
/Applications/ArmGNUToolchain/14.2.rel1/arm-none-eabi/bin/../lib/gcc/arm-none-eabi/14.2.1/../../../../arm-none-eabi/lib/thumb/v6-m/nofp/libg.a(libc_a-reallocr.o)
                              /Applications/ArmGNUToolchain/14.2.rel1/arm-none-eabi/bin/../lib/gcc/arm-none-eabi/14.2.1/../../../../arm-none-eabi/lib/thumb/v6-m/nofp/libg.a(libc_a-realloc.o) (_realloc_r)
/Applications/ArmGNUToolchain/14.2.rel1/arm-none-eabi/bin/../lib/gcc/arm-none-eabi/14.2.1/../../../../arm-none-eabi/lib/thumb/v6-m/nofp/libg.a(libc_a-strtol.o)
                              /Applications/ArmGNUToolchain/14.2.rel1/arm-none-eabi/bin/../lib/gcc/arm-none-eabi/14.2.1/../../../../arm-none-eabi/lib/thumb/v6-m/nofp/libg.a(libc_a-atoi.o) (_strtol_r)
/Applications/ArmGNUToolchain/14.2.rel1/arm-none-eabi/bin/../lib/gcc/arm-none-eabi/14.2.1/../../../../arm-none-eabi/lib/thumb/v6-m/nofp/libg.a(libc_a-sscanf.o)
                              CMakeFiles/AP_DHCP.dir/main.cpp.o (sscanf)
/Applications/ArmGNUToolchain/14.2.rel1/arm-none-eabi/bin/../lib/gcc/arm-none-eabi/14.2.1/../../../../arm-none-eabi/lib/thumb/v6-m/nofp/libg.a(libc_a-stdio.o)
                              /Applications/ArmGNUToolchain/14.2.rel1/arm-none-eabi/bin/../lib/gcc/arm-none-eabi/14.2.1/../../../../arm-none-eabi/lib/thumb/v6-m/nofp/libg.a(libc_a-sscanf.o) (__seofread)
/Applications/ArmGNUToolchain/14.2.rel1/arm-none-eabi/bin/../lib/gcc/arm-none-eabi/14.2.1/../../../../arm-none-eabi/lib/thumb/v6-m/nofp/libg.a(libc_a-memcmp.o)
                              CMakeFiles/AP_DHCP.dir/dhcpserver/dhcpserver.cpp.o (memcmp)
/Applications/ArmGNUToolchain/14.2.rel1/arm-none-eabi/bin/../lib/gcc/arm-none-eabi/14.2.1/../../../../arm-none-eabi/lib/thumb/v6-m/nofp/libg.a(libc_a-memmove.o)
                              CMakeFiles/AP_DHCP.dir/Users/stanwancerski/pico/pico-sdk/lib/lwip/src/core/def.c.o (memmove)
/Applications/ArmGNUToolchain/14.2.rel1/arm-none-eabi/bin/../lib/gcc/arm-none-eabi/14.2.1/../../../../arm-none-eabi/lib/thumb/v6-m/nofp/libg.a(libc_a-strchr.o)
                              CMakeFiles/AP_DHCP.dir/main.cpp.o (strchr)
/Applications/ArmGNUToolchain/14.2.rel1/arm-none-eabi/bin/../lib/gcc/arm-none-eabi/14.2.1/../../../../arm-none-eabi/lib/thumb/v6-m/nofp/libg.a(libc_a-strncmp.o)
                              CMakeFiles/AP_DHCP.dir/main.cpp.o (strncmp)
[...]
Memory Configuration

Name             Origin             Length             Attributes
FLASH            0x10000000         0x00200000         xr
RAM              0x20000000         0x00040000         xrw
SCRATCH_X        0x20040000         0x00001000         xrw
SCRATCH_Y        0x20041000         0x00001000         xrw
*default*        0x00000000         0xffffffff

Linker script and memory map

LOAD /Applications/ArmGNUToolchain/14.2.rel1/arm-none-eabi/bin/../lib/gcc/arm-none-eabi/14.2.1/thumb/v6-m/nofp/crti.o
LOAD /Applications/ArmGNUToolchain/14.2.rel1/arm-none-eabi/bin/../lib/gcc/arm-none-eabi/14.2.1/thumb/v6-m/nofp/crtbegin.o
LOAD /Applications/ArmGNUToolchain/14.2.rel1/arm-none-eabi/bin/../lib/gcc/arm-none-eabi/14.2.1/../../../../arm-none-eabi/lib/thumb/v6-m/nofp/crt0.o

.flash_begin    0x10000000        0x0
                0x10000000                        __flash_binary_start = .

.boot2          0x10000000      0x100
                0x10000000                        __boot2_start__ = .
 *(.boot2)
 .boot2         0x10000000      0x100 pico-sdk/src/rp2040/boot_stage2/CMakeFiles/bs2_default_library.dir/bs2_default_padded_checksummed.S.o
                0x10000100                        __boot2_end__ = .
                0x00000001                        ASSERT (((__boot2_end__ - __boot2_start__) == 0x100), ERROR: Pico second stage bootloader must be 256 bytes in size)

.text           0x10000100    0x1d044
                0x10000100                        __logical_binary_start = .
 *(.vectors)
 .vectors       0x10000100       0xd4 CMakeFiles/AP_DHCP.dir/Users/stanwancerski/pico/pico-sdk/src/rp2_common/pico_crt0/crt0.S.o
                0x10000100                __VECTOR_TABLE
                0x10000100                __vectors
                0x100001c0                __default_isrs_start
                0x100001c0                isr_invalid
                0x100001c2                isr_nmi
                0x100001c4                isr_hardfault
                0x100001c6                isr_svcall
                0x100001c8                isr_pendsv
                0x100001ca                isr_systick
                0x100001cc                isr_irq28
                0x100001cc                isr_irq19
                0x100001cc                isr_irq0
                0x100001cc                isr_irq6
                0x100001cc                isr_irq22
                0x100001cc                isr_irq17
                0x100001cc                isr_irq14
                0x100001cc                isr_irq2
                0x100001cc                isr_irq10
                0x100001cc                isr_irq8
                0x100001cc                isr_irq24
                0x100001cc                isr_irq1
                0x100001cc                isr_irq7
                0x100001cc                isr_irq21
                0x100001cc                isr_irq20
                0x100001cc                isr_irq15
                0x100001cc                isr_irq25
                0x100001cc                isr_irq4
                0x100001cc                isr_irq16
                0x100001cc                isr_irq29
                0x100001cc                isr_irq26
                0x100001cc                __default_isrs_end
                0x100001cc                isr_irq3
                0x100001cc                isr_irq9
                0x100001cc                __unhandled_user_irq
                0x100001cc                isr_irq13
                0x100001cc                isr_irq27
                0x100001cc                isr_irq31
                0x100001cc                isr_irq5
                0x100001cc                isr_irq11
                0x100001cc                isr_irq23
                0x100001cc                isr_irq18
                0x100001cc                isr_irq30
                0x100001cc                isr_irq12
                0x100001d2                unhandled_user_irq_num_in_r0
 *(.binary_info_header)
 .binary_info_header
                0x100001d4       0x14 CMakeFiles/AP_DHCP.dir/Users/stanwancerski/pico/pico-sdk/src/rp2_common/pico_crt0/crt0.S.o
                0x100001e8                        __binary_info_header_end = .
 *(.embedded_block)
                0x100001e8                        __embedded_block_end = .
 *(.reset)
 .reset         0x100001e8       0x9c CMakeFiles/AP_DHCP.dir/Users/stanwancerski/pico/pico-sdk/src/rp2_common/pico_crt0/crt0.S.o
                0x100001e8                _entry_point
 *(.init)
 .init          0x10000284        0x4 /Applications/ArmGNUToolchain/14.2.rel1/arm-none-eabi/bin/../lib/gcc/arm-none-eabi/14.2.1/thumb/v6-m/nofp/crti.o
                0x10000284                _init
 *(EXCLUDE_FILE(*libm.a: *libc.a:*lib_a-mem*.o *libgcc.a:) .text*)
 .text.register_tm_clones
                0x10000288       0x28 /Applications/ArmGNUToolchain/14.2.rel1/arm-none-eabi/bin/../lib/gcc/arm-none-eabi/14.2.1/thumb/v6-m/nofp/crtbegin.o
 .text.frame_dummy
                0x100002b0       0x24 /Applications/ArmGNUToolchain/14.2.rel1/arm-none-eabi/bin/../lib/gcc/arm-none-eabi/14.2.1/thumb/v6-m/nofp/crtbegin.o
 .text._ZL17tcp_server_acceptPvP7tcp_pcba
                0x100002d4       0x84 CMakeFiles/AP_DHCP.dir/main.cpp.o
 .text._Z16key_pressed_funcPv
                0x10000358       0x24 CMakeFiles/AP_DHCP.dir/main.cpp.o
                0x10000358                key_pressed_func(void*)
 .text._ZL15tcp_server_pollPvP7tcp_pcb
                0x1000037c       0x78 CMakeFiles/AP_DHCP.dir/main.cpp.o
 .text._ZL14tcp_server_errPva
                0x100003f4       0x70 CMakeFiles/AP_DHCP.dir/main.cpp.o
 .text._ZL15tcp_server_sentPvP7tcp_pcbt
                0x10000464       0x98 CMakeFiles/AP_DHCP.dir/main.cpp.o
 .text._Z15tcp_server_recvPvP7tcp_pcbP4pbufa
                0x100004fc      0x4b0 CMakeFiles/AP_DHCP.dir/main.cpp.o
                0x100004fc                tcp_server_recv(void*, tcp_pcb*, pbuf*, signed char)
 .text.set_result_value
                0x100009ac        0xc CMakeFiles/AP_DHCP.dir/main.cpp.o
                0x100009ac                set_result_value
 .text.get_input1_value
                0x100009b8        0xc CMakeFiles/AP_DHCP.dir/main.cpp.o
                0x100009b8                get_input1_value
 .text.get_input2_value
                0x100009c4        0xc CMakeFiles/AP_DHCP.dir/main.cpp.o
                0x100009c4                get_input2_value
 .text.startup.main
                0x100009d0      0x140 CMakeFiles/AP_DHCP.dir/main.cpp.o
                0x100009d0                main
 .text._ZL19dhcp_server_processPvP7udp_pcbP4pbufPK8ip4_addrt
                0x10000b10      0x648 CMakeFiles/AP_DHCP.dir/dhcpserver/dhcpserver.cpp.o
 .text.dhcp_server_init
                0x10001158       0x3c CMakeFiles/AP_DHCP.dir/dhcpserver/dhcpserver.cpp.o
                0x10001158                dhcp_server_init
 .text.dhcp_server_deinit
                0x10001194       0x14 CMakeFiles/AP_DHCP.dir/dhcpserver/dhcpserver.cpp.o
                0x10001194                dhcp_server_deinit
 .text.process_inputs_if_new
                0x100011a8       0x34 CMakeFiles/AP_DHCP.dir/serverlogic/serverlogic.cpp.o
                0x100011a8                process_inputs_if_new
 .text.lwip_timeout_reached
                0x100011dc        0x8 CMakeFiles/AP_DHCP.dir/Users/stanwancerski/pico/pico-sdk/src/rp2_common/pico_lwip/lwip_nosys.c.o
 .text.update_next_timeout
                0x100011e4       0x5c CMakeFiles/AP_DHCP.dir/Users/stanwancerski/pico/pico-sdk/src/rp2_common/pico_lwip/lwip_nosys.c.o
 .text.lwip_nosys_init
                0x10001240       0x30 CMakeFiles/AP_DHCP.dir/Users/stanwancerski/pico/pico-sdk/src/rp2_common/pico_lwip/lwip_nosys.c.o
                0x10001240                lwip_nosys_init
 .text.lwip_nosys_deinit
                0x10001270       0x20 CMakeFiles/AP_DHCP.dir/Users/stanwancerski/pico/pico-sdk/src/rp2_common/pico_lwip/lwip_nosys.c.o
                0x10001270                lwip_nosys_deinit
 .text.sys_arch_protect
                0x10001290        0x4 CMakeFiles/AP_DHCP.dir/Users/stanwancerski/pico/pico-sdk/src/rp2_common/pico_lwip/lwip_nosys.c.o
                0x10001290                sys_arch_protect
 .text.sys_arch_unprotect
                0x10001294        0x4 CMakeFiles/AP_DHCP.dir/Users/stanwancerski/pico/pico-sdk/src/rp2_common/pico_lwip/lwip_nosys.c.o
                0x10001294                sys_arch_unprotect
 .text.sys_now  0x10001298       0x20 CMakeFiles/AP_DHCP.dir/Users/stanwancerski/pico/pico-sdk/src/rp2_common/pico_lwip/lwip_nosys.c.o
                0x10001298                sys_now
 .text.async_context_base_add_at_time_worker
                0x100012b8       0x28 CMakeFiles/AP_DHCP.dir/Users/stanwancerski/pico/pico-sdk/src/rp2_common/pico_async_context/async_context_base.c.o
                0x100012b8                async_context_base_add_at_time_worker
 .text.async_context_base_remove_at_time_worker
                0x100012e0       0x24 CMakeFiles/AP_DHCP.dir/Users/stanwancerski/pico/pico-sdk/src/rp2_common/pico_async_context/async_context_base.c.o
                0x100012e0                async_context_base_remove_at_time_worker
 .text.async_context_base_add_when_pending_worker
                0x10001304       0x24 CMakeFiles/AP_DHCP.dir/Users/stanwancerski/pico/pico-sdk/src/rp2_common/pico_async_context/async_context_base.c.o
                0x10001304                async_context_base_add_when_pending_worker
 .text.async_context_base_remove_when_pending_worker
                0x10001328       0x24 CMakeFiles/AP_DHCP.dir/Users/stanwancerski/pico/pico-sdk/src/rp2_common/pico_async_context/async_context_base.c.o
                0x10001328                async_context_base_remove_when_pending_worker
 .text.async_context_base_execute_once
                0x1000134c      0x108 CMakeFiles/AP_DHCP.dir/Users/stanwancerski/pico/pico-sdk/src/rp2_common/pico_async_context/async_context_base.c.o
                0x1000134c                async_context_base_execute_once
 .text.rp2040_chip_version
                0x10001454        0xc CMakeFiles/AP_DHCP.dir/Users/stanwancerski/pico/pico-sdk/src/rp2040/pico_platform/platform.c.o
                0x10001454                rp2040_chip_version
 .text.panic    0x10001460       0x30 CMakeFiles/AP_DHCP.dir/Users/stanwancerski/pico/pico-sdk/src/rp2_common/pico_platform_panic/panic.c.o
                0x10001460                panic
 .text.splitmix64
                0x10001490       0x58 CMakeFiles/AP_DHCP.dir/Users/stanwancerski/pico/pico-sdk/src/rp2_common/pico_rand/rand.c.o
 .text.xoroshiro128ss
                0x100014e8       0x90 CMakeFiles/AP_DHCP.dir/Users/stanwancerski/pico/pico-sdk/src/rp2_common/pico_rand/rand.c.o
 .text.get_rand_64
                0x10001578      0x47c CMakeFiles/AP_DHCP.dir/Users/stanwancerski/pico/pico-sdk/src/rp2_common/pico_rand/rand.c.o
                0x10001578                get_rand_64
 .text.get_rand_32
                0x100019f4        0x8 CMakeFiles/AP_DHCP.dir/Users/stanwancerski/pico/pico-sdk/src/rp2_common/pico_rand/rand.c.o
                0x100019f4                get_rand_32
 .text.startup._retrieve_unique_id_on_boot
                0x100019fc       0x10 CMakeFiles/AP_DHCP.dir/Users/stanwancerski/pico/pico-sdk/src/rp2_common/pico_unique_id/unique_id.c.o
 .text.pico_get_unique_board_id
                0x10001a0c       0x10 CMakeFiles/AP_DHCP.dir/Users/stanwancerski/pico/pico-sdk/src/rp2_common/pico_unique_id/unique_id.c.o
                0x10001a0c                pico_get_unique_board_id
 .text.pico_get_unique_board_id_string
                0x10001a1c      0x1a8 CMakeFiles/AP_DHCP.dir/Users/stanwancerski/pico/pico-sdk/src/rp2_common/pico_unique_id/unique_id.c.o
                0x10001a1c                pico_get_unique_board_id_string
 .text.flash_get_unique_id
                0x10001bc4       0x3c CMakeFiles/AP_DHCP.dir/Users/stanwancerski/pico/pico-sdk/src/rp2_common/hardware_flash/flash.c.o
                0x10001bc4                flash_get_unique_id
 .text.hw_claim_lock
                0x10001c00       0x18 CMakeFiles/AP_DHCP.dir/Users/stanwancerski/pico/pico-sdk/src/common/hardware_claim/claim.c.o
                0x10001c00                hw_claim_lock
 .text.hw_claim_unlock
                0x10001c18       0x14 CMakeFiles/AP_DHCP.dir/Users/stanwancerski/pico/pico-sdk/src/common/hardware_claim/claim.c.o
                0x10001c18                hw_claim_unlock
 .text.hw_claim_or_assert
                0x10001c2c       0x44 CMakeFiles/AP_DHCP.dir/Users/stanwancerski/pico/pico-sdk/src/common/hardware_claim/claim.c.o
                0x10001c2c                hw_claim_or_assert
 .text.hw_claim_unused_from_range
                0x10001c70       0x88 CMakeFiles/AP_DHCP.dir/Users/stanwancerski/pico/pico-sdk/src/common/hardware_claim/claim.c.o
                0x10001c70                hw_claim_unused_from_range
 .text.hw_claim_clear
                0x10001cf8       0x38 CMakeFiles/AP_DHCP.dir/Users/stanwancerski/pico/pico-sdk/src/common/hardware_claim/claim.c.o
                0x10001cf8                hw_claim_clear
 .text.next_striped_spin_lock_num
                0x10001d30       0x18 CMakeFiles/AP_DHCP.dir/Users/stanwancerski/pico/pico-sdk/src/rp2_common/hardware_sync/sync.c.o
                0x10001d30                next_striped_spin_lock_num
 .text.spin_lock_claim_unused
                0x10001d48       0x24 CMakeFiles/AP_DHCP.dir/Users/stanwancerski/pico/pico-sdk/src/rp2_common/hardware_sync/sync.c.o
                0x10001d48                spin_lock_claim_unused
 .text.spin_locks_reset
                0x10001d6c       0x1c CMakeFiles/AP_DHCP.dir/Users/stanwancerski/pico/pico-sdk/src/rp2_common/hardware_sync_spin_lock/sync_spin_lock.c.o
                0x10001d6c                spin_locks_reset
 .text.rom_func_lookup
                0x10001d88       0x10 CMakeFiles/AP_DHCP.dir/Users/stanwancerski/pico/pico-sdk/src/rp2_common/pico_bootrom/bootrom.c.o
                0x10001d88                rom_func_lookup
 .text.rom_data_lookup
                0x10001d98       0x10 CMakeFiles/AP_DHCP.dir/Users/stanwancerski/pico/pico-sdk/src/rp2_common/pico_bootrom/bootrom.c.o
                0x10001d98                rom_data_lookup
 .text.rom_funcs_lookup
                0x10001da8       0x44 CMakeFiles/AP_DHCP.dir/Users/stanwancerski/pico/pico-sdk/src/rp2_common/pico_bootrom/bootrom.c.o
                0x10001da8                rom_funcs_lookup
 .text.rom_reset_usb_boot_extra
                0x10001dec       0x24 CMakeFiles/AP_DHCP.dir/Users/stanwancerski/pico/pico-sdk/src/rp2_common/pico_bootrom/bootrom.c.o
                0x10001dec                rom_reset_usb_boot_extra
 .text.sleep_until_callback
                0x10001e10       0x30 CMakeFiles/AP_DHCP.dir/Users/stanwancerski/pico/pico-sdk/src/common/pico_time/time.c.o
 .text.alarm_pool_irq_handler
                0x10001e40      0x300 CMakeFiles/AP_DHCP.dir/Users/stanwancerski/pico/pico-sdk/src/common/pico_time/time.c.o
 .text.runtime_init_default_alarm_pool
                0x10002140       0xdc CMakeFiles/AP_DHCP.dir/Users/stanwancerski/pico/pico-sdk/src/common/pico_time/time.c.o
                0x10002140                runtime_init_default_alarm_pool
 .text.alarm_pool_get_default
                0x1000221c        0x8 CMakeFiles/AP_DHCP.dir/Users/stanwancerski/pico/pico-sdk/src/common/pico_time/time.c.o
                0x1000221c                alarm_pool_get_default
 .text.alarm_pool_add_alarm_at
                0x10002224       0xd0 CMakeFiles/AP_DHCP.dir/Users/stanwancerski/pico/pico-sdk/src/common/pico_time/time.c.o
                0x10002224                alarm_pool_add_alarm_at
 .text.alarm_pool_add_alarm_at_force_in_context
                0x100022f4       0xb0 CMakeFiles/AP_DHCP.dir/Users/stanwancerski/pico/pico-sdk/src/common/pico_time/time.c.o
                0x100022f4                alarm_pool_add_alarm_at_force_in_context
 .text.alarm_pool_cancel_alarm
                0x100023a4       0x74 CMakeFiles/AP_DHCP.dir/Users/stanwancerski/pico/pico-sdk/src/common/pico_time/time.c.o
                0x100023a4                alarm_pool_cancel_alarm
 .text.alarm_pool_core_num
                0x10002418        0x4 CMakeFiles/AP_DHCP.dir/Users/stanwancerski/pico/pico-sdk/src/common/pico_time/time.c.o
                0x10002418                alarm_pool_core_num
 .text.sleep_until
                0x1000241c       0xd0 CMakeFiles/AP_DHCP.dir/Users/stanwancerski/pico/pico-sdk/src/common/pico_time/time.c.o
                0x1000241c                sleep_until
 .text.sleep_ms
                0x100024ec       0xfc CMakeFiles/AP_DHCP.dir/Users/stanwancerski/pico/pico-sdk/src/common/pico_time/time.c.o
                0x100024ec                sleep_ms
 .text.best_effort_wfe_or_timeout
                0x100025e8      0x10c CMakeFiles/AP_DHCP.dir/Users/stanwancerski/pico/pico-sdk/src/common/pico_time/time.c.o
                0x100025e8                best_effort_wfe_or_timeout
 .text.timer_hardware_alarm_claim
                0x100026f4       0x14 CMakeFiles/AP_DHCP.dir/Users/stanwancerski/pico/pico-sdk/src/rp2_common/hardware_timer/timer.c.o
                0x100026f4                timer_hardware_alarm_claim
 .text.timer_time_us_64
                0x10002708       0x10 CMakeFiles/AP_DHCP.dir/Users/stanwancerski/pico/pico-sdk/src/rp2_common/hardware_timer/timer.c.o
                0x10002708                timer_time_us_64
 .text.time_us_64
                0x10002718       0x14 CMakeFiles/AP_DHCP.dir/Users/stanwancerski/pico/pico-sdk/src/rp2_common/hardware_timer/timer.c.o
                0x10002718                time_us_64
 .text.busy_wait_us
                0x1000272c       0x68 CMakeFiles/AP_DHCP.dir/Users/stanwancerski/pico/pico-sdk/src/rp2_common/hardware_timer/timer.c.o
                0x1000272c                busy_wait_us
 .text.busy_wait_until
                0x10002794       0x20 CMakeFiles/AP_DHCP.dir/Users/stanwancerski/pico/pico-sdk/src/rp2_common/hardware_timer/timer.c.o
                0x10002794                busy_wait_until
 .text.runtime_init_per_core_irq_priorities
                0x100027b4       0x24 CMakeFiles/AP_DHCP.dir/Users/stanwancerski/pico/pico-sdk/src/rp2_common/hardware_irq/irq.c.o
                0x100027b4                runtime_init_per_core_irq_priorities
 .text.irq_set_enabled
                0x100027d8       0x24 CMakeFiles/AP_DHCP.dir/Users/stanwancerski/pico/pico-sdk/src/rp2_common/hardware_irq/irq.c.o
                0x100027d8                irq_set_enabled
 .text.irq_is_enabled
                0x100027fc       0x18 CMakeFiles/AP_DHCP.dir/Users/stanwancerski/pico/pico-sdk/src/rp2_common/hardware_irq/irq.c.o
                0x100027fc                irq_is_enabled
 .text.irq_set_pending
                0x10002814       0x10 CMakeFiles/AP_DHCP.dir/Users/stanwancerski/pico/pico-sdk/src/rp2_common/hardware_irq/irq.c.o
                0x10002814                irq_set_pending
 .text.irq_has_shared_handler
                0x10002824       0x24 CMakeFiles/AP_DHCP.dir/Users/stanwancerski/pico/pico-sdk/src/rp2_common/hardware_irq/irq.c.o
                0x10002824                irq_has_shared_handler
 .text.irq_set_exclusive_handler
                0x10002848       0x54 CMakeFiles/AP_DHCP.dir/Users/stanwancerski/pico/pico-sdk/src/rp2_common/hardware_irq/irq.c.o
                0x10002848                irq_set_exclusive_handler
 .text.irq_add_shared_handler
                0x1000289c      0x1f4 CMakeFiles/AP_DHCP.dir/Users/stanwancerski/pico/pico-sdk/src/rp2_common/hardware_irq/irq.c.o
                0x1000289c                irq_add_shared_handler
 .text.irq_remove_handler
                0x10002a90      0x1d4 CMakeFiles/AP_DHCP.dir/Users/stanwancerski/pico/pico-sdk/src/rp2_common/hardware_irq/irq.c.o
                0x10002a90                irq_remove_handler
 .text.irq_set_priority
                0x10002c64       0x28 CMakeFiles/AP_DHCP.dir/Users/stanwancerski/pico/pico-sdk/src/rp2_common/hardware_irq/irq.c.o
                0x10002c64                irq_set_priority
 .text.irq_add_tail_to_free_list
                0x10002c8c       0xb4 CMakeFiles/AP_DHCP.dir/Users/stanwancerski/pico/pico-sdk/src/rp2_common/hardware_irq/irq.c.o
                0x10002c8c                irq_add_tail_to_free_list
 .text.user_irq_unclaim
                0x10002d40       0x14 CMakeFiles/AP_DHCP.dir/Users/stanwancerski/pico/pico-sdk/src/rp2_common/hardware_irq/irq.c.o
                0x10002d40                user_irq_unclaim
 .text.user_irq_claim_unused
                0x10002d54       0x2c CMakeFiles/AP_DHCP.dir/Users/stanwancerski/pico/pico-sdk/src/rp2_common/hardware_irq/irq.c.o
                0x10002d54                user_irq_claim_unused
 .text.sem_init
                0x10002d80       0x20 CMakeFiles/AP_DHCP.dir/Users/stanwancerski/pico/pico-sdk/src/common/pico_sync/sem.c.o
                0x10002d80                sem_init
 .text.lock_init
                0x10002da0       0x10 CMakeFiles/AP_DHCP.dir/Users/stanwancerski/pico/pico-sdk/src/common/pico_sync/lock_core.c.o
                0x10002da0                lock_init
 .text.runtime_init_mutex
                0x10002db0       0x50 CMakeFiles/AP_DHCP.dir/Users/stanwancerski/pico/pico-sdk/src/common/pico_sync/mutex.c.o
                0x10002db0                runtime_init_mutex
 .text.mutex_init
                0x10002e00       0x1c CMakeFiles/AP_DHCP.dir/Users/stanwancerski/pico/pico-sdk/src/common/pico_sync/mutex.c.o
                0x10002e00                mutex_init
 .text.recursive_mutex_init
                0x10002e1c       0x1c CMakeFiles/AP_DHCP.dir/Users/stanwancerski/pico/pico-sdk/src/common/pico_sync/mutex.c.o
                0x10002e1c                recursive_mutex_init
 .text.critical_section_init
                0x10002e38       0x1c CMakeFiles/AP_DHCP.dir/Users/stanwancerski/pico/pico-sdk/src/common/pico_sync/critical_section.c.o
                0x10002e38                critical_section_init
 .text.critical_section_init_with_lock_num
                0x10002e54       0x14 CMakeFiles/AP_DHCP.dir/Users/stanwancerski/pico/pico-sdk/src/common/pico_sync/critical_section.c.o
                0x10002e54                critical_section_init_with_lock_num
 .text.clock_configure_int_divider
                0x10002e68       0xf4 CMakeFiles/AP_DHCP.dir/Users/stanwancerski/pico/pico-sdk/src/rp2_common/hardware_clocks/clocks.c.o
                0x10002e68                clock_configure_int_divider
 .text.clock_configure_undivided
                0x10002f5c       0xe8 CMakeFiles/AP_DHCP.dir/Users/stanwancerski/pico/pico-sdk/src/rp2_common/hardware_clocks/clocks.c.o
                0x10002f5c                clock_configure_undivided
 .text.clock_get_hz
                0x10003044        0xc CMakeFiles/AP_DHCP.dir/Users/stanwancerski/pico/pico-sdk/src/rp2_common/hardware_clocks/clocks.c.o
                0x10003044                clock_get_hz
 .text.gpio_set_function
                0x10003050       0x34 CMakeFiles/AP_DHCP.dir/Users/stanwancerski/pico/pico-sdk/src/rp2_common/hardware_gpio/gpio.c.o
                0x10003050                gpio_set_function
 .text.gpio_set_pulls
                0x10003084       0x28 CMakeFiles/AP_DHCP.dir/Users/stanwancerski/pico/pico-sdk/src/rp2_common/hardware_gpio/gpio.c.o
                0x10003084                gpio_set_pulls
 .text.gpio_set_input_hysteresis_enabled
                0x100030ac       0x28 CMakeFiles/AP_DHCP.dir/Users/stanwancerski/pico/pico-sdk/src/rp2_common/hardware_gpio/gpio.c.o
                0x100030ac                gpio_set_input_hysteresis_enabled
 .text.gpio_set_irq_enabled
                0x100030d4       0x58 CMakeFiles/AP_DHCP.dir/Users/stanwancerski/pico/pico-sdk/src/rp2_common/hardware_gpio/gpio.c.o
                0x100030d4                gpio_set_irq_enabled
 .text.gpio_add_raw_irq_handler_with_order_priority_masked
                0x1000312c       0x44 CMakeFiles/AP_DHCP.dir/Users/stanwancerski/pico/pico-sdk/src/rp2_common/hardware_gpio/gpio.c.o
                0x1000312c                gpio_add_raw_irq_handler_with_order_priority_masked
 .text.gpio_remove_raw_irq_handler_masked
                0x10003170       0x20 CMakeFiles/AP_DHCP.dir/Users/stanwancerski/pico/pico-sdk/src/rp2_common/hardware_gpio/gpio.c.o
                0x10003170                gpio_remove_raw_irq_handler_masked
 .text.gpio_init
                0x10003190       0x40 CMakeFiles/AP_DHCP.dir/Users/stanwancerski/pico/pico-sdk/src/rp2_common/hardware_gpio/gpio.c.o
                0x10003190                gpio_init
 .text.pll_init
                0x100031d0       0xa4 CMakeFiles/AP_DHCP.dir/Users/stanwancerski/pico/pico-sdk/src/rp2_common/hardware_pll/pll.c.o
                0x100031d0                pll_init
 .text.watchdog_reboot
                0x10003274       0x9c CMakeFiles/AP_DHCP.dir/Users/stanwancerski/pico/pico-sdk/src/rp2_common/hardware_watchdog/watchdog.c.o
                0x10003274                watchdog_reboot
 .text.tick_start
                0x10003310       0x10 CMakeFiles/AP_DHCP.dir/Users/stanwancerski/pico/pico-sdk/src/rp2_common/hardware_ticks/ticks.c.o
                0x10003310                tick_start
 .text.xosc_init
                0x10003320       0x28 CMakeFiles/AP_DHCP.dir/Users/stanwancerski/pico/pico-sdk/src/rp2_common/hardware_xosc/xosc.c.o
                0x10003320                xosc_init
 .text.lwip_init
                0x10003348       0x24 CMakeFiles/AP_DHCP.dir/Users/stanwancerski/pico/pico-sdk/lib/lwip/src/core/init.c.o
                0x10003348                lwip_init
 .text.lwip_htons
                0x1000336c        0x8 CMakeFiles/AP_DHCP.dir/Users/stanwancerski/pico/pico-sdk/lib/lwip/src/core/def.c.o
                0x1000336c                lwip_htons
 .text.lwip_htonl
                0x10003374        0x4 CMakeFiles/AP_DHCP.dir/Users/stanwancerski/pico/pico-sdk/lib/lwip/src/core/def.c.o
                0x10003374                lwip_htonl
 .text.dns_call_found
                0x10003378      0x184 CMakeFiles/AP_DHCP.dir/Users/stanwancerski/pico/pico-sdk/lib/lwip/src/core/dns.c.o
 .text.dns_send.isra.0
                0x100034fc      0x174 CMakeFiles/AP_DHCP.dir/Users/stanwancerski/pico/pico-sdk/lib/lwip/src/core/dns.c.o
 .text.dns_init
                0x10003670        0x4 CMakeFiles/AP_DHCP.dir/Users/stanwancerski/pico/pico-sdk/lib/lwip/src/core/dns.c.o
                0x10003670                dns_init
 .text.dns_setserver
                0x10003674       0x24 CMakeFiles/AP_DHCP.dir/Users/stanwancerski/pico/pico-sdk/lib/lwip/src/core/dns.c.o
                0x10003674                dns_setserver
 .text.dns_tmr  0x10003698      0x130 CMakeFiles/AP_DHCP.dir/Users/stanwancerski/pico/pico-sdk/lib/lwip/src/core/dns.c.o
                0x10003698                dns_tmr
 .text.lwip_standard_chksum
                0x100037c8       0xf4 CMakeFiles/AP_DHCP.dir/Users/stanwancerski/pico/pico-sdk/lib/lwip/src/core/inet_chksum.c.o
                0x100037c8                lwip_standard_chksum
 .text.inet_chksum_pseudo
                0x100038bc       0xbc CMakeFiles/AP_DHCP.dir/Users/stanwancerski/pico/pico-sdk/lib/lwip/src/core/inet_chksum.c.o
                0x100038bc                inet_chksum_pseudo
 .text.ip_chksum_pseudo
                0x10003978       0x10 CMakeFiles/AP_DHCP.dir/Users/stanwancerski/pico/pico-sdk/lib/lwip/src/core/inet_chksum.c.o
                0x10003978                ip_chksum_pseudo
 .text.inet_chksum
                0x10003988        0xc CMakeFiles/AP_DHCP.dir/Users/stanwancerski/pico/pico-sdk/lib/lwip/src/core/inet_chksum.c.o
                0x10003988                inet_chksum
 .text.inet_chksum_pbuf
                0x10003994       0x78 CMakeFiles/AP_DHCP.dir/Users/stanwancerski/pico/pico-sdk/lib/lwip/src/core/inet_chksum.c.o
                0x10003994                inet_chksum_pbuf
 .text.mem_init
                0x10003a0c       0x3c CMakeFiles/AP_DHCP.dir/Users/stanwancerski/pico/pico-sdk/lib/lwip/src/core/mem.c.o
                0x10003a0c                mem_init
 .text.mem_free
                0x10003a48      0x13c CMakeFiles/AP_DHCP.dir/Users/stanwancerski/pico/pico-sdk/lib/lwip/src/core/mem.c.o
                0x10003a48                mem_free
 .text.mem_trim
                0x10003b84      0x104 CMakeFiles/AP_DHCP.dir/Users/stanwancerski/pico/pico-sdk/lib/lwip/src/core/mem.c.o
                0x10003b84                mem_trim
 .text.mem_malloc
                0x10003c88      0x130 CMakeFiles/AP_DHCP.dir/Users/stanwancerski/pico/pico-sdk/lib/lwip/src/core/mem.c.o
                0x10003c88                mem_malloc
 .text.memp_init
                0x10003db8       0x6c CMakeFiles/AP_DHCP.dir/Users/stanwancerski/pico/pico-sdk/lib/lwip/src/core/memp.c.o
                0x10003db8                memp_init
 .text.memp_malloc
                0x10003e24       0x40 CMakeFiles/AP_DHCP.dir/Users/stanwancerski/pico/pico-sdk/lib/lwip/src/core/memp.c.o
                0x10003e24                memp_malloc
 .text.memp_free
                0x10003e64       0x38 CMakeFiles/AP_DHCP.dir/Users/stanwancerski/pico/pico-sdk/lib/lwip/src/core/memp.c.o
                0x10003e64                memp_free
 .text.netif_null_output_ip4
                0x10003e9c        0x8 CMakeFiles/AP_DHCP.dir/Users/stanwancerski/pico/pico-sdk/lib/lwip/src/core/netif.c.o
 .text.netif_do_set_ipaddr.isra.0
                0x10003ea4       0x70 CMakeFiles/AP_DHCP.dir/Users/stanwancerski/pico/pico-sdk/lib/lwip/src/core/netif.c.o
 .text.netif_init
                0x10003f14        0x4 CMakeFiles/AP_DHCP.dir/Users/stanwancerski/pico/pico-sdk/lib/lwip/src/core/netif.c.o
                0x10003f14                netif_init
 .text.netif_add
                0x10003f18      0x174 CMakeFiles/AP_DHCP.dir/Users/stanwancerski/pico/pico-sdk/lib/lwip/src/core/netif.c.o
                0x10003f18                netif_add
 .text.netif_set_addr
                0x1000408c       0xb8 CMakeFiles/AP_DHCP.dir/Users/stanwancerski/pico/pico-sdk/lib/lwip/src/core/netif.c.o
                0x1000408c                netif_set_addr
 .text.netif_remove
                0x10004144       0x94 CMakeFiles/AP_DHCP.dir/Users/stanwancerski/pico/pico-sdk/lib/lwip/src/core/netif.c.o
                0x10004144                netif_remove
 .text.netif_set_default
                0x100041d8        0xc CMakeFiles/AP_DHCP.dir/Users/stanwancerski/pico/pico-sdk/lib/lwip/src/core/netif.c.o
                0x100041d8                netif_set_default
 .text.netif_set_up
                0x100041e4       0x40 CMakeFiles/AP_DHCP.dir/Users/stanwancerski/pico/pico-sdk/lib/lwip/src/core/netif.c.o
                0x100041e4                netif_set_up
 .text.netif_set_link_up
                0x10004224       0x44 CMakeFiles/AP_DHCP.dir/Users/stanwancerski/pico/pico-sdk/lib/lwip/src/core/netif.c.o
                0x10004224                netif_set_link_up
 .text.netif_set_link_down
                0x10004268       0x20 CMakeFiles/AP_DHCP.dir/Users/stanwancerski/pico/pico-sdk/lib/lwip/src/core/netif.c.o
                0x10004268                netif_set_link_down
 .text.netif_get_by_index
                0x10004288       0x2c CMakeFiles/AP_DHCP.dir/Users/stanwancerski/pico/pico-sdk/lib/lwip/src/core/netif.c.o
                0x10004288                netif_get_by_index
 .text.pbuf_free.part.0
                0x100042b4       0x7c CMakeFiles/AP_DHCP.dir/Users/stanwancerski/pico/pico-sdk/lib/lwip/src/core/pbuf.c.o
 .text.pbuf_free_ooseq
                0x10004330       0x34 CMakeFiles/AP_DHCP.dir/Users/stanwancerski/pico/pico-sdk/lib/lwip/src/core/pbuf.c.o
                0x10004330                pbuf_free_ooseq
 .text.pbuf_alloc
                0x10004364      0x134 CMakeFiles/AP_DHCP.dir/Users/stanwancerski/pico/pico-sdk/lib/lwip/src/core/pbuf.c.o
                0x10004364                pbuf_alloc
 .text.pbuf_realloc
                0x10004498       0x84 CMakeFiles/AP_DHCP.dir/Users/stanwancerski/pico/pico-sdk/lib/lwip/src/core/pbuf.c.o
                0x10004498                pbuf_realloc
 .text.pbuf_add_header
                0x1000451c       0x54 CMakeFiles/AP_DHCP.dir/Users/stanwancerski/pico/pico-sdk/lib/lwip/src/core/pbuf.c.o
                0x1000451c                pbuf_add_header
 .text.pbuf_remove_header
                0x10004570       0x3c CMakeFiles/AP_DHCP.dir/Users/stanwancerski/pico/pico-sdk/lib/lwip/src/core/pbuf.c.o
                0x10004570                pbuf_remove_header
 .text.pbuf_header_force
                0x100045ac       0x68 CMakeFiles/AP_DHCP.dir/Users/stanwancerski/pico/pico-sdk/lib/lwip/src/core/pbuf.c.o
                0x100045ac                pbuf_header_force
 .text.pbuf_free
                0x10004614       0x18 CMakeFiles/AP_DHCP.dir/Users/stanwancerski/pico/pico-sdk/lib/lwip/src/core/pbuf.c.o
                0x10004614                pbuf_free
 .text.pbuf_clen
                0x1000462c       0x14 CMakeFiles/AP_DHCP.dir/Users/stanwancerski/pico/pico-sdk/lib/lwip/src/core/pbuf.c.o
                0x1000462c                pbuf_clen
 .text.pbuf_ref
                0x10004640       0x28 CMakeFiles/AP_DHCP.dir/Users/stanwancerski/pico/pico-sdk/lib/lwip/src/core/pbuf.c.o
                0x10004640                pbuf_ref
 .text.pbuf_cat
                0x10004668       0x44 CMakeFiles/AP_DHCP.dir/Users/stanwancerski/pico/pico-sdk/lib/lwip/src/core/pbuf.c.o
                0x10004668                pbuf_cat
 .text.pbuf_chain
                0x100046ac       0x64 CMakeFiles/AP_DHCP.dir/Users/stanwancerski/pico/pico-sdk/lib/lwip/src/core/pbuf.c.o
                0x100046ac                pbuf_chain
 .text.pbuf_copy_partial_pbuf
                0x10004710      0x158 CMakeFiles/AP_DHCP.dir/Users/stanwancerski/pico/pico-sdk/lib/lwip/src/core/pbuf.c.o
                0x10004710                pbuf_copy_partial_pbuf
 .text.pbuf_copy
                0x10004868       0x18 CMakeFiles/AP_DHCP.dir/Users/stanwancerski/pico/pico-sdk/lib/lwip/src/core/pbuf.c.o
                0x10004868                pbuf_copy
 .text.pbuf_copy_partial
                0x10004880       0x70 CMakeFiles/AP_DHCP.dir/Users/stanwancerski/pico/pico-sdk/lib/lwip/src/core/pbuf.c.o
                0x10004880                pbuf_copy_partial
 .text.pbuf_take
                0x100048f0       0x78 CMakeFiles/AP_DHCP.dir/Users/stanwancerski/pico/pico-sdk/lib/lwip/src/core/pbuf.c.o
                0x100048f0                pbuf_take
 .text.pbuf_take_at
                0x10004968       0xc0 CMakeFiles/AP_DHCP.dir/Users/stanwancerski/pico/pico-sdk/lib/lwip/src/core/pbuf.c.o
                0x10004968                pbuf_take_at
 .text.pbuf_clone
                0x10004a28       0x30 CMakeFiles/AP_DHCP.dir/Users/stanwancerski/pico/pico-sdk/lib/lwip/src/core/pbuf.c.o
                0x10004a28                pbuf_clone
 .text.pbuf_put_at
                0x10004a58       0x1c CMakeFiles/AP_DHCP.dir/Users/stanwancerski/pico/pico-sdk/lib/lwip/src/core/pbuf.c.o
                0x10004a58                pbuf_put_at
 .text.raw_input
                0x10004a74      0x164 CMakeFiles/AP_DHCP.dir/Users/stanwancerski/pico/pico-sdk/lib/lwip/src/core/raw.c.o
                0x10004a74                raw_input
 .text.raw_netif_ip_addr_changed
                0x10004bd8       0x40 CMakeFiles/AP_DHCP.dir/Users/stanwancerski/pico/pico-sdk/lib/lwip/src/core/raw.c.o
                0x10004bd8                raw_netif_ip_addr_changed
 .text.stats_init
                0x10004c18        0x4 CMakeFiles/AP_DHCP.dir/Users/stanwancerski/pico/pico-sdk/lib/lwip/src/core/stats.c.o
                0x10004c18                stats_init
 .text.tcp_close_shutdown_fin
                0x10004c1c       0x54 CMakeFiles/AP_DHCP.dir/Users/stanwancerski/pico/pico-sdk/lib/lwip/src/core/tcp.c.o
 .text.tcp_pcb_purge.part.0
                0x10004c70       0xc4 CMakeFiles/AP_DHCP.dir/Users/stanwancerski/pico/pico-sdk/lib/lwip/src/core/tcp.c.o
 .text.tcp_init
                0x10004d34       0x20 CMakeFiles/AP_DHCP.dir/Users/stanwancerski/pico/pico-sdk/lib/lwip/src/core/tcp.c.o
                0x10004d34                tcp_init
 .text.tcp_free
                0x10004d54       0x1c CMakeFiles/AP_DHCP.dir/Users/stanwancerski/pico/pico-sdk/lib/lwip/src/core/tcp.c.o
                0x10004d54                tcp_free
 .text.tcp_bind
                0x10004d70       0xf4 CMakeFiles/AP_DHCP.dir/Users/stanwancerski/pico/pico-sdk/lib/lwip/src/core/tcp.c.o
                0x10004d70                tcp_bind
 .text.tcp_listen_with_backlog
                0x10004e64       0x98 CMakeFiles/AP_DHCP.dir/Users/stanwancerski/pico/pico-sdk/lib/lwip/src/core/tcp.c.o
                0x10004e64                tcp_listen_with_backlog
 .text.tcp_update_rcv_ann_wnd
                0x10004efc       0x58 CMakeFiles/AP_DHCP.dir/Users/stanwancerski/pico/pico-sdk/lib/lwip/src/core/tcp.c.o
                0x10004efc                tcp_update_rcv_ann_wnd
 .text.tcp_recved
                0x10004f54       0x98 CMakeFiles/AP_DHCP.dir/Users/stanwancerski/pico/pico-sdk/lib/lwip/src/core/tcp.c.o
                0x10004f54                tcp_recved
 .text.tcp_slowtmr
                0x10004fec      0x514 CMakeFiles/AP_DHCP.dir/Users/stanwancerski/pico/pico-sdk/lib/lwip/src/core/tcp.c.o
                0x10004fec                tcp_slowtmr
 .text.tcp_segs_free
                0x10005500       0x38 CMakeFiles/AP_DHCP.dir/Users/stanwancerski/pico/pico-sdk/lib/lwip/src/core/tcp.c.o
                0x10005500                tcp_segs_free
 .text.tcp_seg_free
                0x10005538       0x1c CMakeFiles/AP_DHCP.dir/Users/stanwancerski/pico/pico-sdk/lib/lwip/src/core/tcp.c.o
                0x10005538                tcp_seg_free
 .text.tcp_seg_copy
                0x10005554       0x2c CMakeFiles/AP_DHCP.dir/Users/stanwancerski/pico/pico-sdk/lib/lwip/src/core/tcp.c.o
                0x10005554                tcp_seg_copy
 .text.tcp_arg  0x10005580        0x8 CMakeFiles/AP_DHCP.dir/Users/stanwancerski/pico/pico-sdk/lib/lwip/src/core/tcp.c.o
                0x10005580                tcp_arg
 .text.tcp_recv
                0x10005588       0x1c CMakeFiles/AP_DHCP.dir/Users/stanwancerski/pico/pico-sdk/lib/lwip/src/core/tcp.c.o
                0x10005588                tcp_recv
 .text.tcp_sent
                0x100055a4       0x1c CMakeFiles/AP_DHCP.dir/Users/stanwancerski/pico/pico-sdk/lib/lwip/src/core/tcp.c.o
                0x100055a4                tcp_sent
 .text.tcp_err  0x100055c0       0x1c CMakeFiles/AP_DHCP.dir/Users/stanwancerski/pico/pico-sdk/lib/lwip/src/core/tcp.c.o
                0x100055c0                tcp_err
 .text.tcp_accept
                0x100055dc       0x10 CMakeFiles/AP_DHCP.dir/Users/stanwancerski/pico/pico-sdk/lib/lwip/src/core/tcp.c.o
                0x100055dc                tcp_accept
 .text.tcp_poll
                0x100055ec       0x20 CMakeFiles/AP_DHCP.dir/Users/stanwancerski/pico/pico-sdk/lib/lwip/src/core/tcp.c.o
                0x100055ec                tcp_poll
 .text.tcp_pcb_purge
                0x1000560c       0x18 CMakeFiles/AP_DHCP.dir/Users/stanwancerski/pico/pico-sdk/lib/lwip/src/core/tcp.c.o
                0x1000560c                tcp_pcb_purge
 .text.tcp_pcb_remove
                0x10005624       0xc8 CMakeFiles/AP_DHCP.dir/Users/stanwancerski/pico/pico-sdk/lib/lwip/src/core/tcp.c.o
                0x10005624                tcp_pcb_remove
 .text.tcp_abandon
                0x100056ec      0x1a0 CMakeFiles/AP_DHCP.dir/Users/stanwancerski/pico/pico-sdk/lib/lwip/src/core/tcp.c.o
                0x100056ec                tcp_abandon
 .text.tcp_abort
                0x1000588c        0xc CMakeFiles/AP_DHCP.dir/Users/stanwancerski/pico/pico-sdk/lib/lwip/src/core/tcp.c.o
                0x1000588c                tcp_abort
 .text.tcp_accept_null
                0x10005898       0x20 CMakeFiles/AP_DHCP.dir/Users/stanwancerski/pico/pico-sdk/lib/lwip/src/core/tcp.c.o
 .text.tcp_alloc
                0x100058b8      0x1d4 CMakeFiles/AP_DHCP.dir/Users/stanwancerski/pico/pico-sdk/lib/lwip/src/core/tcp.c.o
                0x100058b8                tcp_alloc
 .text.tcp_new_ip_type
                0x10005a8c        0xc CMakeFiles/AP_DHCP.dir/Users/stanwancerski/pico/pico-sdk/lib/lwip/src/core/tcp.c.o
                0x10005a8c                tcp_new_ip_type
 .text.tcp_close_shutdown
                0x10005a98      0x188 CMakeFiles/AP_DHCP.dir/Users/stanwancerski/pico/pico-sdk/lib/lwip/src/core/tcp.c.o
 .text.tcp_recv_null
                0x10005c20       0xcc CMakeFiles/AP_DHCP.dir/Users/stanwancerski/pico/pico-sdk/lib/lwip/src/core/tcp.c.o
                0x10005c20                tcp_recv_null
 .text.tcp_process_refused_data
                0x10005cec       0x78 CMakeFiles/AP_DHCP.dir/Users/stanwancerski/pico/pico-sdk/lib/lwip/src/core/tcp.c.o
                0x10005cec                tcp_process_refused_data
 .text.tcp_fasttmr
                0x10005d64       0x98 CMakeFiles/AP_DHCP.dir/Users/stanwancerski/pico/pico-sdk/lib/lwip/src/core/tcp.c.o
                0x10005d64                tcp_fasttmr
 .text.tcp_tmr  0x10005dfc       0x20 CMakeFiles/AP_DHCP.dir/Users/stanwancerski/pico/pico-sdk/lib/lwip/src/core/tcp.c.o
                0x10005dfc                tcp_tmr
 .text.tcp_close
                0x10005e1c      0x170 CMakeFiles/AP_DHCP.dir/Users/stanwancerski/pico/pico-sdk/lib/lwip/src/core/tcp.c.o
                0x10005e1c                tcp_close
 .text.tcp_next_iss
                0x10005f8c       0x28 CMakeFiles/AP_DHCP.dir/Users/stanwancerski/pico/pico-sdk/lib/lwip/src/core/tcp.c.o
                0x10005f8c                tcp_next_iss
 .text.tcp_eff_send_mss_netif
                0x10005fb4       0x34 CMakeFiles/AP_DHCP.dir/Users/stanwancerski/pico/pico-sdk/lib/lwip/src/core/tcp.c.o
                0x10005fb4                tcp_eff_send_mss_netif
 .text.tcp_netif_ip_addr_changed
                0x10005fe8       0x94 CMakeFiles/AP_DHCP.dir/Users/stanwancerski/pico/pico-sdk/lib/lwip/src/core/tcp.c.o
                0x10005fe8                tcp_netif_ip_addr_changed
 .text.tcp_free_ooseq
                0x1000607c       0x40 CMakeFiles/AP_DHCP.dir/Users/stanwancerski/pico/pico-sdk/lib/lwip/src/core/tcp.c.o
                0x1000607c                tcp_free_ooseq
 .text.tcp_parseopt
                0x100060bc      0x1b0 CMakeFiles/AP_DHCP.dir/Users/stanwancerski/pico/pico-sdk/lib/lwip/src/core/tcp_in.c.o
 .text.tcp_oos_insert_segment
                0x1000626c       0xcc CMakeFiles/AP_DHCP.dir/Users/stanwancerski/pico/pico-sdk/lib/lwip/src/core/tcp_in.c.o
 .text.tcp_free_acked_segments.isra.0
                0x10006338       0xdc CMakeFiles/AP_DHCP.dir/Users/stanwancerski/pico/pico-sdk/lib/lwip/src/core/tcp_in.c.o
 .text.tcp_receive
                0x10006414      0xa2c CMakeFiles/AP_DHCP.dir/Users/stanwancerski/pico/pico-sdk/lib/lwip/src/core/tcp_in.c.o
 .text.tcp_input
                0x10006e40      0xe3c CMakeFiles/AP_DHCP.dir/Users/stanwancerski/pico/pico-sdk/lib/lwip/src/core/tcp_in.c.o
                0x10006e40                tcp_input
 .text.tcp_trigger_input_pcb_close
                0x10007c7c       0x10 CMakeFiles/AP_DHCP.dir/Users/stanwancerski/pico/pico-sdk/lib/lwip/src/core/tcp_in.c.o
                0x10007c7c                tcp_trigger_input_pcb_close
 .text.tcp_create_segment
                0x10007c8c       0xe8 CMakeFiles/AP_DHCP.dir/Users/stanwancerski/pico/pico-sdk/lib/lwip/src/core/tcp_out.c.o
 .text.tcp_output_control_segment
                0x10007d74       0xb4 CMakeFiles/AP_DHCP.dir/Users/stanwancerski/pico/pico-sdk/lib/lwip/src/core/tcp_out.c.o
 .text.tcp_write
                0x10007e28      0x470 CMakeFiles/AP_DHCP.dir/Users/stanwancerski/pico/pico-sdk/lib/lwip/src/core/tcp_out.c.o
                0x10007e28                tcp_write
 .text.tcp_split_unsent_seg
                0x10008298      0x1b4 CMakeFiles/AP_DHCP.dir/Users/stanwancerski/pico/pico-sdk/lib/lwip/src/core/tcp_out.c.o
                0x10008298                tcp_split_unsent_seg
 .text.tcp_send_fin
                0x1000844c      0x118 CMakeFiles/AP_DHCP.dir/Users/stanwancerski/pico/pico-sdk/lib/lwip/src/core/tcp_out.c.o
                0x1000844c                tcp_send_fin
 .text.tcp_enqueue_flags
                0x10008564      0x12c CMakeFiles/AP_DHCP.dir/Users/stanwancerski/pico/pico-sdk/lib/lwip/src/core/tcp_out.c.o
                0x10008564                tcp_enqueue_flags
 .text.tcp_rexmit_rto_prepare
                0x10008690       0x9c CMakeFiles/AP_DHCP.dir/Users/stanwancerski/pico/pico-sdk/lib/lwip/src/core/tcp_out.c.o
                0x10008690                tcp_rexmit_rto_prepare
 .text.tcp_rexmit
                0x1000872c       0x9c CMakeFiles/AP_DHCP.dir/Users/stanwancerski/pico/pico-sdk/lib/lwip/src/core/tcp_out.c.o
                0x1000872c                tcp_rexmit
 .text.tcp_rexmit_fast
                0x100087c8       0x64 CMakeFiles/AP_DHCP.dir/Users/stanwancerski/pico/pico-sdk/lib/lwip/src/core/tcp_out.c.o
                0x100087c8                tcp_rexmit_fast
 .text.tcp_rst  0x1000882c       0xe8 CMakeFiles/AP_DHCP.dir/Users/stanwancerski/pico/pico-sdk/lib/lwip/src/core/tcp_out.c.o
                0x1000882c                tcp_rst
 .text.tcp_rst_netif
                0x10008914      0x130 CMakeFiles/AP_DHCP.dir/Users/stanwancerski/pico/pico-sdk/lib/lwip/src/core/tcp_out.c.o
                0x10008914                tcp_rst_netif
 .text.tcp_send_empty_ack
                0x10008a44       0xf0 CMakeFiles/AP_DHCP.dir/Users/stanwancerski/pico/pico-sdk/lib/lwip/src/core/tcp_out.c.o
                0x10008a44                tcp_send_empty_ack
 .text.tcp_output
                0x10008b34      0x44c CMakeFiles/AP_DHCP.dir/Users/stanwancerski/pico/pico-sdk/lib/lwip/src/core/tcp_out.c.o
                0x10008b34                tcp_output
 .text.tcp_rexmit_rto_commit
                0x10008f80       0x24 CMakeFiles/AP_DHCP.dir/Users/stanwancerski/pico/pico-sdk/lib/lwip/src/core/tcp_out.c.o
                0x10008f80                tcp_rexmit_rto_commit
 .text.tcp_rexmit_rto
                0x10008fa4       0xa4 CMakeFiles/AP_DHCP.dir/Users/stanwancerski/pico/pico-sdk/lib/lwip/src/core/tcp_out.c.o
                0x10008fa4                tcp_rexmit_rto
 .text.tcp_keepalive
                0x10009048       0xdc CMakeFiles/AP_DHCP.dir/Users/stanwancerski/pico/pico-sdk/lib/lwip/src/core/tcp_out.c.o
                0x10009048                tcp_keepalive
 .text.tcp_zero_window_probe
                0x10009124      0x1a8 CMakeFiles/AP_DHCP.dir/Users/stanwancerski/pico/pico-sdk/lib/lwip/src/core/tcp_out.c.o
                0x10009124                tcp_zero_window_probe
 .text.tcpip_tcp_timer
                0x100092cc       0x78 CMakeFiles/AP_DHCP.dir/Users/stanwancerski/pico/pico-sdk/lib/lwip/src/core/timeouts.c.o
 .text.lwip_cyclic_timer
                0x10009344       0x98 CMakeFiles/AP_DHCP.dir/Users/stanwancerski/pico/pico-sdk/lib/lwip/src/core/timeouts.c.o
 .text.tcp_timer_needed
                0x100093dc       0x7c CMakeFiles/AP_DHCP.dir/Users/stanwancerski/pico/pico-sdk/lib/lwip/src/core/timeouts.c.o
                0x100093dc                tcp_timer_needed
 .text.sys_timeouts_init
                0x10009458       0x8c CMakeFiles/AP_DHCP.dir/Users/stanwancerski/pico/pico-sdk/lib/lwip/src/core/timeouts.c.o
                0x10009458                sys_timeouts_init
 .text.sys_check_timeouts
                0x100094e4       0x68 CMakeFiles/AP_DHCP.dir/Users/stanwancerski/pico/pico-sdk/lib/lwip/src/core/timeouts.c.o
                0x100094e4                sys_check_timeouts
 .text.sys_timeouts_sleeptime
                0x1000954c       0x28 CMakeFiles/AP_DHCP.dir/Users/stanwancerski/pico/pico-sdk/lib/lwip/src/core/timeouts.c.o
                0x1000954c                sys_timeouts_sleeptime
 .text.udp_init
                0x10009574       0x20 CMakeFiles/AP_DHCP.dir/Users/stanwancerski/pico/pico-sdk/lib/lwip/src/core/udp.c.o
                0x10009574                udp_init
 .text.udp_input
                0x10009594      0x350 CMakeFiles/AP_DHCP.dir/Users/stanwancerski/pico/pico-sdk/lib/lwip/src/core/udp.c.o
                0x10009594                udp_input
 .text.udp_bind
                0x100098e4      0x10c CMakeFiles/AP_DHCP.dir/Users/stanwancerski/pico/pico-sdk/lib/lwip/src/core/udp.c.o
                0x100098e4                udp_bind
 .text.udp_sendto_if_src
                0x100099f0      0x130 CMakeFiles/AP_DHCP.dir/Users/stanwancerski/pico/pico-sdk/lib/lwip/src/core/udp.c.o
                0x100099f0                udp_sendto_if_src
 .text.udp_sendto_if
                0x10009b20       0x48 CMakeFiles/AP_DHCP.dir/Users/stanwancerski/pico/pico-sdk/lib/lwip/src/core/udp.c.o
                0x10009b20                udp_sendto_if
 .text.udp_sendto
                0x10009b68       0x78 CMakeFiles/AP_DHCP.dir/Users/stanwancerski/pico/pico-sdk/lib/lwip/src/core/udp.c.o
                0x10009b68                udp_sendto
 .text.udp_connect
                0x10009be0       0x5c CMakeFiles/AP_DHCP.dir/Users/stanwancerski/pico/pico-sdk/lib/lwip/src/core/udp.c.o
                0x10009be0                udp_connect
 .text.udp_recv
                0x10009c3c        0xc CMakeFiles/AP_DHCP.dir/Users/stanwancerski/pico/pico-sdk/lib/lwip/src/core/udp.c.o
                0x10009c3c                udp_recv
 .text.udp_remove
                0x10009c48       0x3c CMakeFiles/AP_DHCP.dir/Users/stanwancerski/pico/pico-sdk/lib/lwip/src/core/udp.c.o
                0x10009c48                udp_remove
 .text.udp_new  0x10009c84       0x1c CMakeFiles/AP_DHCP.dir/Users/stanwancerski/pico/pico-sdk/lib/lwip/src/core/udp.c.o
                0x10009c84                udp_new
 .text.udp_netif_ip_addr_changed
                0x10009ca0       0x40 CMakeFiles/AP_DHCP.dir/Users/stanwancerski/pico/pico-sdk/lib/lwip/src/core/udp.c.o
                0x10009ca0                udp_netif_ip_addr_changed
 .text.dhcp_create_msg
                0x10009ce0      0x160 CMakeFiles/AP_DHCP.dir/Users/stanwancerski/pico/pico-sdk/lib/lwip/src/core/ipv4/dhcp.c.o
 .text.dhcp_inc_pcb_refcount
                0x10009e40       0x6c CMakeFiles/AP_DHCP.dir/Users/stanwancerski/pico/pico-sdk/lib/lwip/src/core/ipv4/dhcp.c.o
 .text.dhcp_bind
                0x10009eac      0x144 CMakeFiles/AP_DHCP.dir/Users/stanwancerski/pico/pico-sdk/lib/lwip/src/core/ipv4/dhcp.c.o
 .text.dhcp_option_hostname.isra.0
                0x10009ff0       0x74 CMakeFiles/AP_DHCP.dir/Users/stanwancerski/pico/pico-sdk/lib/lwip/src/core/ipv4/dhcp.c.o
 .text.dhcp_handle_ack.isra.0
                0x1000a064       0xcc CMakeFiles/AP_DHCP.dir/Users/stanwancerski/pico/pico-sdk/lib/lwip/src/core/ipv4/dhcp.c.o
 .text.dhcp_reboot.isra.0
                0x1000a130      0x17c CMakeFiles/AP_DHCP.dir/Users/stanwancerski/pico/pico-sdk/lib/lwip/src/core/ipv4/dhcp.c.o
 .text.dhcp_discover.isra.0
                0x1000a2ac      0x138 CMakeFiles/AP_DHCP.dir/Users/stanwancerski/pico/pico-sdk/lib/lwip/src/core/ipv4/dhcp.c.o
 .text.dhcp_select.isra.0
                0x1000a3e4      0x1e0 CMakeFiles/AP_DHCP.dir/Users/stanwancerski/pico/pico-sdk/lib/lwip/src/core/ipv4/dhcp.c.o
 .text.dhcp_recv
                0x1000a5c4      0x4a8 CMakeFiles/AP_DHCP.dir/Users/stanwancerski/pico/pico-sdk/lib/lwip/src/core/ipv4/dhcp.c.o
 .text.dhcp_set_struct
                0x1000aa6c       0x44 CMakeFiles/AP_DHCP.dir/Users/stanwancerski/pico/pico-sdk/lib/lwip/src/core/ipv4/dhcp.c.o
                0x1000aa6c                dhcp_set_struct
 .text.dhcp_start
                0x1000aab0       0xa8 CMakeFiles/AP_DHCP.dir/Users/stanwancerski/pico/pico-sdk/lib/lwip/src/core/ipv4/dhcp.c.o
                0x1000aab0                dhcp_start
 .text.dhcp_network_changed_link_up
                0x1000ab58       0x40 CMakeFiles/AP_DHCP.dir/Users/stanwancerski/pico/pico-sdk/lib/lwip/src/core/ipv4/dhcp.c.o
                0x1000ab58                dhcp_network_changed_link_up
 .text.dhcp_renew
                0x1000ab98      0x13c CMakeFiles/AP_DHCP.dir/Users/stanwancerski/pico/pico-sdk/lib/lwip/src/core/ipv4/dhcp.c.o
                0x1000ab98                dhcp_renew
 .text.dhcp_release_and_stop
                0x1000acd4      0x158 CMakeFiles/AP_DHCP.dir/Users/stanwancerski/pico/pico-sdk/lib/lwip/src/core/ipv4/dhcp.c.o
                0x1000acd4                dhcp_release_and_stop
 .text.dhcp_coarse_tmr
                0x1000ae2c      0x1e0 CMakeFiles/AP_DHCP.dir/Users/stanwancerski/pico/pico-sdk/lib/lwip/src/core/ipv4/dhcp.c.o
                0x1000ae2c                dhcp_coarse_tmr
 .text.dhcp_fine_tmr
                0x1000b00c       0x78 CMakeFiles/AP_DHCP.dir/Users/stanwancerski/pico/pico-sdk/lib/lwip/src/core/ipv4/dhcp.c.o
                0x1000b00c                dhcp_fine_tmr
 .text.dhcp_stop
                0x1000b084      0x158 CMakeFiles/AP_DHCP.dir/Users/stanwancerski/pico/pico-sdk/lib/lwip/src/core/ipv4/dhcp.c.o
                0x1000b084                dhcp_stop
 .text.etharp_find_entry
                0x1000b1dc      0x3a0 CMakeFiles/AP_DHCP.dir/Users/stanwancerski/pico/pico-sdk/lib/lwip/src/core/ipv4/etharp.c.o
 .text.etharp_raw
                0x1000b57c       0xec CMakeFiles/AP_DHCP.dir/Users/stanwancerski/pico/pico-sdk/lib/lwip/src/core/ipv4/etharp.c.o
 .text.etharp_output_to_arp_index
                0x1000b668       0xd0 CMakeFiles/AP_DHCP.dir/Users/stanwancerski/pico/pico-sdk/lib/lwip/src/core/ipv4/etharp.c.o
 .text.etharp_tmr
                0x1000b738       0x94 CMakeFiles/AP_DHCP.dir/Users/stanwancerski/pico/pico-sdk/lib/lwip/src/core/ipv4/etharp.c.o
                0x1000b738                etharp_tmr
 .text.etharp_cleanup_netif
                0x1000b7cc      0x188 CMakeFiles/AP_DHCP.dir/Users/stanwancerski/pico/pico-sdk/lib/lwip/src/core/ipv4/etharp.c.o
                0x1000b7cc                etharp_cleanup_netif
 .text.etharp_input
                0x1000b954      0x1b8 CMakeFiles/AP_DHCP.dir/Users/stanwancerski/pico/pico-sdk/lib/lwip/src/core/ipv4/etharp.c.o
                0x1000b954                etharp_input
 .text.etharp_query
                0x1000bb0c      0x190 CMakeFiles/AP_DHCP.dir/Users/stanwancerski/pico/pico-sdk/lib/lwip/src/core/ipv4/etharp.c.o
                0x1000bb0c                etharp_query
 .text.etharp_output
                0x1000bc9c      0x24c CMakeFiles/AP_DHCP.dir/Users/stanwancerski/pico/pico-sdk/lib/lwip/src/core/ipv4/etharp.c.o
                0x1000bc9c                etharp_output
 .text.etharp_request
                0x1000bee8       0x2c CMakeFiles/AP_DHCP.dir/Users/stanwancerski/pico/pico-sdk/lib/lwip/src/core/ipv4/etharp.c.o
                0x1000bee8                etharp_request
 .text.icmp_input
                0x1000bf14      0x1ec CMakeFiles/AP_DHCP.dir/Users/stanwancerski/pico/pico-sdk/lib/lwip/src/core/ipv4/icmp.c.o
                0x1000bf14                icmp_input
 .text.icmp_dest_unreach
                0x1000c100       0xcc CMakeFiles/AP_DHCP.dir/Users/stanwancerski/pico/pico-sdk/lib/lwip/src/core/ipv4/icmp.c.o
                0x1000c100                icmp_dest_unreach
 .text.icmp_time_exceeded
                0x1000c1cc       0xcc CMakeFiles/AP_DHCP.dir/Users/stanwancerski/pico/pico-sdk/lib/lwip/src/core/ipv4/icmp.c.o
                0x1000c1cc                icmp_time_exceeded
 .text.ip_reass_free_complete_datagram
                0x1000c298      0x11c CMakeFiles/AP_DHCP.dir/Users/stanwancerski/pico/pico-sdk/lib/lwip/src/core/ipv4/ip4_frag.c.o
 .text.ip_reass_remove_oldest_datagram
                0x1000c3b4      0x124 CMakeFiles/AP_DHCP.dir/Users/stanwancerski/pico/pico-sdk/lib/lwip/src/core/ipv4/ip4_frag.c.o
 .text.ip_reass_tmr
                0x1000c4d8       0x30 CMakeFiles/AP_DHCP.dir/Users/stanwancerski/pico/pico-sdk/lib/lwip/src/core/ipv4/ip4_frag.c.o
                0x1000c4d8                ip_reass_tmr
 .text.ip4_reass
                0x1000c508      0x544 CMakeFiles/AP_DHCP.dir/Users/stanwancerski/pico/pico-sdk/lib/lwip/src/core/ipv4/ip4_frag.c.o
                0x1000c508                ip4_reass
 .text.ip4_frag
                0x1000ca4c      0x254 CMakeFiles/AP_DHCP.dir/Users/stanwancerski/pico/pico-sdk/lib/lwip/src/core/ipv4/ip4_frag.c.o
                0x1000ca4c                ip4_frag
 .text.ip4_route
                0x1000cca0       0x7c CMakeFiles/AP_DHCP.dir/Users/stanwancerski/pico/pico-sdk/lib/lwip/src/core/ipv4/ip4.c.o
                0x1000cca0                ip4_route
 .text.ip4_input
                0x1000cd1c      0x300 CMakeFiles/AP_DHCP.dir/Users/stanwancerski/pico/pico-sdk/lib/lwip/src/core/ipv4/ip4.c.o
                0x1000cd1c                ip4_input
 .text.ip4_output_if
                0x1000d01c      0x190 CMakeFiles/AP_DHCP.dir/Users/stanwancerski/pico/pico-sdk/lib/lwip/src/core/ipv4/ip4.c.o
                0x1000d01c                ip4_output_if
 .text.ip4_output_if_src
                0x1000d1ac      0x184 CMakeFiles/AP_DHCP.dir/Users/stanwancerski/pico/pico-sdk/lib/lwip/src/core/ipv4/ip4.c.o
                0x1000d1ac                ip4_output_if_src
 .text.ip4_addr_isbroadcast_u32
                0x1000d330       0x3c CMakeFiles/AP_DHCP.dir/Users/stanwancerski/pico/pico-sdk/lib/lwip/src/core/ipv4/ip4_addr.c.o
                0x1000d330                ip4_addr_isbroadcast_u32
 .text.ip4addr_ntoa
                0x1000d36c       0xec CMakeFiles/AP_DHCP.dir/Users/stanwancerski/pico/pico-sdk/lib/lwip/src/core/ipv4/ip4_addr.c.o
                0x1000d36c                ip4addr_ntoa
 .text.ethernet_input
                0x1000d458       0xd0 CMakeFiles/AP_DHCP.dir/Users/stanwancerski/pico/pico-sdk/lib/lwip/src/netif/ethernet.c.o
                0x1000d458                ethernet_input
 .text.ethernet_output
                0x1000d528       0x6c CMakeFiles/AP_DHCP.dir/Users/stanwancerski/pico/pico-sdk/lib/lwip/src/netif/ethernet.c.o
                0x1000d528                ethernet_output
 .text.cyw43_arch_set_async_context
                0x1000d594        0xc CMakeFiles/AP_DHCP.dir/Users/stanwancerski/pico/pico-sdk/src/rp2_common/pico_cyw43_arch/cyw43_arch.c.o
                0x1000d594                cyw43_arch_set_async_context
 .text.cyw43_arch_enable_ap_mode
                0x1000d5a0       0x7c CMakeFiles/AP_DHCP.dir/Users/stanwancerski/pico/pico-sdk/src/rp2_common/pico_cyw43_arch/cyw43_arch.c.o
                0x1000d5a0                cyw43_arch_enable_ap_mode
 .text.cyw43_arch_disable_ap_mode
                0x1000d61c       0x28 CMakeFiles/AP_DHCP.dir/Users/stanwancerski/pico/pico-sdk/src/rp2_common/pico_cyw43_arch/cyw43_arch.c.o
                0x1000d61c                cyw43_arch_disable_ap_mode
 .text.cyw43_arch_async_context
                0x1000d644        0xc CMakeFiles/AP_DHCP.dir/Users/stanwancerski/pico/pico-sdk/src/rp2_common/pico_cyw43_arch/cyw43_arch.c.o
                0x1000d644                cyw43_arch_async_context
 .text.cyw43_arch_init
                0x1000d650       0x74 CMakeFiles/AP_DHCP.dir/Users/stanwancerski/pico/pico-sdk/src/rp2_common/pico_cyw43_arch/cyw43_arch_threadsafe_background.c.o
                0x1000d650                cyw43_arch_init
 .text.cyw43_arch_deinit
                0x1000d6c4       0x30 CMakeFiles/AP_DHCP.dir/Users/stanwancerski/pico/pico-sdk/src/rp2_common/pico_cyw43_arch/cyw43_arch_threadsafe_background.c.o
                0x1000d6c4                cyw43_arch_deinit
 .text.ns_delay.constprop.0
                0x1000d6f4       0x20 CMakeFiles/AP_DHCP.dir/Users/stanwancerski/pico/pico-sdk/src/rp2_common/pico_cyw43_driver/cyw43_bus_pio_spi.c.o
 .text.cyw43_spi_deinit
                0x1000d714       0x6c CMakeFiles/AP_DHCP.dir/Users/stanwancerski/pico/pico-sdk/src/rp2_common/pico_cyw43_driver/cyw43_bus_pio_spi.c.o
                0x1000d714                cyw43_spi_deinit
 .text.cyw43_spi_init
                0x1000d780      0x128 CMakeFiles/AP_DHCP.dir/Users/stanwancerski/pico/pico-sdk/src/rp2_common/pico_cyw43_driver/cyw43_bus_pio_spi.c.o
                0x1000d780                cyw43_spi_init
 .text.cyw43_spi_transfer
                0x1000d8a8      0x448 CMakeFiles/AP_DHCP.dir/Users/stanwancerski/pico/pico-sdk/src/rp2_common/pico_cyw43_driver/cyw43_bus_pio_spi.c.o
                0x1000d8a8                cyw43_spi_transfer
 .text.cyw43_spi_gpio_setup
                0x1000dcf0       0x3c CMakeFiles/AP_DHCP.dir/Users/stanwancerski/pico/pico-sdk/src/rp2_common/pico_cyw43_driver/cyw43_bus_pio_spi.c.o
                0x1000dcf0                cyw43_spi_gpio_setup
 .text.cyw43_spi_reset
                0x1000dd2c       0x28 CMakeFiles/AP_DHCP.dir/Users/stanwancerski/pico/pico-sdk/src/rp2_common/pico_cyw43_driver/cyw43_bus_pio_spi.c.o
                0x1000dd2c                cyw43_spi_reset
 .text.read_reg_u32_swap
                0x1000dd54       0x44 CMakeFiles/AP_DHCP.dir/Users/stanwancerski/pico/pico-sdk/src/rp2_common/pico_cyw43_driver/cyw43_bus_pio_spi.c.o
                0x1000dd54                read_reg_u32_swap
 .text.cyw43_read_reg_u32
                0x1000dd98       0x58 CMakeFiles/AP_DHCP.dir/Users/stanwancerski/pico/pico-sdk/src/rp2_common/pico_cyw43_driver/cyw43_bus_pio_spi.c.o
                0x1000dd98                cyw43_read_reg_u32
 .text.cyw43_read_reg_u16
                0x1000ddf0       0x58 CMakeFiles/AP_DHCP.dir/Users/stanwancerski/pico/pico-sdk/src/rp2_common/pico_cyw43_driver/cyw43_bus_pio_spi.c.o
                0x1000ddf0                cyw43_read_reg_u16
 .text.cyw43_read_reg_u8
                0x1000de48       0x58 CMakeFiles/AP_DHCP.dir/Users/stanwancerski/pico/pico-sdk/src/rp2_common/pico_cyw43_driver/cyw43_bus_pio_spi.c.o
                0x1000de48                cyw43_read_reg_u8
 .text.write_reg_u32_swap
                0x1000dea0      0x214 CMakeFiles/AP_DHCP.dir/Users/stanwancerski/pico/pico-sdk/src/rp2_common/pico_cyw43_driver/cyw43_bus_pio_spi.c.o
                0x1000dea0                write_reg_u32_swap
 .text.cyw43_write_reg_u32
                0x1000e0b4      0x234 CMakeFiles/AP_DHCP.dir/Users/stanwancerski/pico/pico-sdk/src/rp2_common/pico_cyw43_driver/cyw43_bus_pio_spi.c.o
                0x1000e0b4                cyw43_write_reg_u32
 .text.cyw43_write_reg_u16
                0x1000e2e8      0x234 CMakeFiles/AP_DHCP.dir/Users/stanwancerski/pico/pico-sdk/src/rp2_common/pico_cyw43_driver/cyw43_bus_pio_spi.c.o
                0x1000e2e8                cyw43_write_reg_u16
 .text.cyw43_write_reg_u8
                0x1000e51c      0x234 CMakeFiles/AP_DHCP.dir/Users/stanwancerski/pico/pico-sdk/src/rp2_common/pico_cyw43_driver/cyw43_bus_pio_spi.c.o
                0x1000e51c                cyw43_write_reg_u8
 .text.cyw43_read_bytes
                0x1000e750       0x78 CMakeFiles/AP_DHCP.dir/Users/stanwancerski/pico/pico-sdk/src/rp2_common/pico_cyw43_driver/cyw43_bus_pio_spi.c.o
                0x1000e750                cyw43_read_bytes
 .text.cyw43_write_bytes
                0x1000e7c8       0xd4 CMakeFiles/AP_DHCP.dir/Users/stanwancerski/pico/pico-sdk/src/rp2_common/pico_cyw43_driver/cyw43_bus_pio_spi.c.o
                0x1000e7c8                cyw43_write_bytes
 .text.cyw43_set_backplane_window
                0x1000e89c       0x68 CMakeFiles/AP_DHCP.dir/Users/stanwancerski/pico/pico-sdk/lib/cyw43-driver/src/cyw43_ll.c.o
 .text.cyw43_ll_parse_async_event
                0x1000e904      0x138 CMakeFiles/AP_DHCP.dir/Users/stanwancerski/pico/pico-sdk/lib/cyw43-driver/src/cyw43_ll.c.o
 .text.cyw43_kso_set
                0x1000ea3c       0x80 CMakeFiles/AP_DHCP.dir/Users/stanwancerski/pico/pico-sdk/lib/cyw43-driver/src/cyw43_ll.c.o
 .text.cyw43_ll_sdpcm_poll_device
                0x1000eabc      0x238 CMakeFiles/AP_DHCP.dir/Users/stanwancerski/pico/pico-sdk/lib/cyw43-driver/src/cyw43_ll.c.o
 .text.cyw43_sdpcm_send_common
                0x1000ecf4       0xfc CMakeFiles/AP_DHCP.dir/Users/stanwancerski/pico/pico-sdk/lib/cyw43-driver/src/cyw43_ll.c.o
 .text.cyw43_do_ioctl.part.0
                0x1000edf0       0xc4 CMakeFiles/AP_DHCP.dir/Users/stanwancerski/pico/pico-sdk/lib/cyw43-driver/src/cyw43_ll.c.o
 .text.cyw43_write_iovar_u32.constprop.0
                0x1000eeb4       0x98 CMakeFiles/AP_DHCP.dir/Users/stanwancerski/pico/pico-sdk/lib/cyw43-driver/src/cyw43_ll.c.o
 .text.cyw43_write_iovar_n
                0x1000ef4c       0x8c CMakeFiles/AP_DHCP.dir/Users/stanwancerski/pico/pico-sdk/lib/cyw43-driver/src/cyw43_ll.c.o
 .text.cyw43_write_iovar_u32_u32.constprop.0
                0x1000efd8       0xac CMakeFiles/AP_DHCP.dir/Users/stanwancerski/pico/pico-sdk/lib/cyw43-driver/src/cyw43_ll.c.o
 .text.cyw43_read_backplane.constprop.0
                0x1000f084       0xe4 CMakeFiles/AP_DHCP.dir/Users/stanwancerski/pico/pico-sdk/lib/cyw43-driver/src/cyw43_ll.c.o
 .text.cyw43_write_backplane
                0x1000f168      0x10c CMakeFiles/AP_DHCP.dir/Users/stanwancerski/pico/pico-sdk/lib/cyw43-driver/src/cyw43_ll.c.o
 .text.reset_device_core.constprop.0
                0x1000f274      0x410 CMakeFiles/AP_DHCP.dir/Users/stanwancerski/pico/pico-sdk/lib/cyw43-driver/src/cyw43_ll.c.o
 .text.cyw43_ll_init
                0x1000f684       0x1c CMakeFiles/AP_DHCP.dir/Users/stanwancerski/pico/pico-sdk/lib/cyw43-driver/src/cyw43_ll.c.o
                0x1000f684                cyw43_ll_init
 .text.cyw43_ll_deinit
                0x1000f6a0        0x8 CMakeFiles/AP_DHCP.dir/Users/stanwancerski/pico/pico-sdk/lib/cyw43-driver/src/cyw43_ll.c.o
                0x1000f6a0                cyw43_ll_deinit
 .text.cyw43_ll_send_ethernet
                0x1000f6a8       0x60 CMakeFiles/AP_DHCP.dir/Users/stanwancerski/pico/pico-sdk/lib/cyw43-driver/src/cyw43_ll.c.o
                0x1000f6a8                cyw43_ll_send_ethernet
 .text.cyw43_ll_process_packets
                0x1000f708       0x54 CMakeFiles/AP_DHCP.dir/Users/stanwancerski/pico/pico-sdk/lib/cyw43-driver/src/cyw43_ll.c.o
                0x1000f708                cyw43_ll_process_packets
 .text.cyw43_ll_ioctl
                0x1000f75c       0x80 CMakeFiles/AP_DHCP.dir/Users/stanwancerski/pico/pico-sdk/lib/cyw43-driver/src/cyw43_ll.c.o
                0x1000f75c                cyw43_ll_ioctl
 .text.cyw43_ll_bus_sleep
                0x1000f7dc       0x34 CMakeFiles/AP_DHCP.dir/Users/stanwancerski/pico/pico-sdk/lib/cyw43-driver/src/cyw43_ll.c.o
                0x1000f7dc                cyw43_ll_bus_sleep
 .text.cyw43_ll_wifi_on
                0x1000f810      0x1f8 CMakeFiles/AP_DHCP.dir/Users/stanwancerski/pico/pico-sdk/lib/cyw43-driver/src/cyw43_ll.c.o
                0x1000f810                cyw43_ll_wifi_on
 .text.cyw43_ll_wifi_get_mac
                0x1000fa08       0x78 CMakeFiles/AP_DHCP.dir/Users/stanwancerski/pico/pico-sdk/lib/cyw43-driver/src/cyw43_ll.c.o
                0x1000fa08                cyw43_ll_wifi_get_mac
 .text.cyw43_ll_bus_init
                0x1000fa80      0x8d8 CMakeFiles/AP_DHCP.dir/Users/stanwancerski/pico/pico-sdk/lib/cyw43-driver/src/cyw43_ll.c.o
                0x1000fa80                cyw43_ll_bus_init
 .text.cyw43_ll_wifi_pm
                0x10010358      0x11c CMakeFiles/AP_DHCP.dir/Users/stanwancerski/pico/pico-sdk/lib/cyw43-driver/src/cyw43_ll.c.o
                0x10010358                cyw43_ll_wifi_pm
 .text.cyw43_ll_wifi_set_wpa_auth
                0x10010474       0x4c CMakeFiles/AP_DHCP.dir/Users/stanwancerski/pico/pico-sdk/lib/cyw43-driver/src/cyw43_ll.c.o
                0x10010474                cyw43_ll_wifi_set_wpa_auth
 .text.cyw43_ll_wifi_rejoin
                0x100104c0       0x58 CMakeFiles/AP_DHCP.dir/Users/stanwancerski/pico/pico-sdk/lib/cyw43-driver/src/cyw43_ll.c.o
                0x100104c0                cyw43_ll_wifi_rejoin
 .text.cyw43_ll_wifi_ap_init
                0x10010518      0x4dc CMakeFiles/AP_DHCP.dir/Users/stanwancerski/pico/pico-sdk/lib/cyw43-driver/src/cyw43_ll.c.o
                0x10010518                cyw43_ll_wifi_ap_init
 .text.cyw43_ll_wifi_ap_set_up
                0x100109f4       0x74 CMakeFiles/AP_DHCP.dir/Users/stanwancerski/pico/pico-sdk/lib/cyw43-driver/src/cyw43_ll.c.o
                0x100109f4                cyw43_ll_wifi_ap_set_up
 .text.cyw43_ll_gpio_set
                0x10010a68       0x94 CMakeFiles/AP_DHCP.dir/Users/stanwancerski/pico/pico-sdk/lib/cyw43-driver/src/cyw43_ll.c.o
                0x10010a68                cyw43_ll_gpio_set
 .text.cyw43_ll_gpio_get
                0x10010afc       0xa0 CMakeFiles/AP_DHCP.dir/Users/stanwancerski/pico/pico-sdk/lib/cyw43-driver/src/cyw43_ll.c.o
                0x10010afc                cyw43_ll_gpio_get
 .text.cyw43_ll_has_work
                0x10010b9c       0x14 CMakeFiles/AP_DHCP.dir/Users/stanwancerski/pico/pico-sdk/lib/cyw43-driver/src/cyw43_ll.c.o
                0x10010b9c                cyw43_ll_has_work
 .text.cyw43_netif_init
                0x10010bb0       0x3c CMakeFiles/AP_DHCP.dir/Users/stanwancerski/pico/pico-sdk/lib/cyw43-driver/src/cyw43_lwip.c.o
 .text.cyw43_netif_output
                0x10010bec       0x34 CMakeFiles/AP_DHCP.dir/Users/stanwancerski/pico/pico-sdk/lib/cyw43-driver/src/cyw43_lwip.c.o
 .text.cyw43_cb_tcpip_init
                0x10010c20       0xf0 CMakeFiles/AP_DHCP.dir/Users/stanwancerski/pico/pico-sdk/lib/cyw43-driver/src/cyw43_lwip.c.o
                0x10010c20                cyw43_cb_tcpip_init
 .text.cyw43_cb_tcpip_deinit
                0x10010d10       0x4c CMakeFiles/AP_DHCP.dir/Users/stanwancerski/pico/pico-sdk/lib/cyw43-driver/src/cyw43_lwip.c.o
                0x10010d10                cyw43_cb_tcpip_deinit
 .text.cyw43_cb_process_ethernet
                0x10010d5c       0x6c CMakeFiles/AP_DHCP.dir/Users/stanwancerski/pico/pico-sdk/lib/cyw43-driver/src/cyw43_lwip.c.o
                0x10010d5c                cyw43_cb_process_ethernet
 .text.cyw43_cb_tcpip_set_link_up
                0x10010dc8       0x18 CMakeFiles/AP_DHCP.dir/Users/stanwancerski/pico/pico-sdk/lib/cyw43-driver/src/cyw43_lwip.c.o
                0x10010dc8                cyw43_cb_tcpip_set_link_up
 .text.cyw43_cb_tcpip_set_link_down
                0x10010de0       0x18 CMakeFiles/AP_DHCP.dir/Users/stanwancerski/pico/pico-sdk/lib/cyw43-driver/src/cyw43_lwip.c.o
                0x10010de0                cyw43_cb_tcpip_set_link_down
 .text.cyw43_poll_func
                0x10010df8       0xc0 CMakeFiles/AP_DHCP.dir/Users/stanwancerski/pico/pico-sdk/lib/cyw43-driver/src/cyw43_ctrl.c.o
 .text.cyw43_init
                0x10010eb8       0x6c CMakeFiles/AP_DHCP.dir/Users/stanwancerski/pico/pico-sdk/lib/cyw43-driver/src/cyw43_ctrl.c.o
                0x10010eb8                cyw43_init
 .text.cyw43_deinit
                0x10010f24       0x90 CMakeFiles/AP_DHCP.dir/Users/stanwancerski/pico/pico-sdk/lib/cyw43-driver/src/cyw43_ctrl.c.o
                0x10010f24                cyw43_deinit
 .text.cyw43_cb_read_host_interrupt_pin
                0x10010fb4        0xc CMakeFiles/AP_DHCP.dir/Users/stanwancerski/pico/pico-sdk/lib/cyw43-driver/src/cyw43_ctrl.c.o
                0x10010fb4                cyw43_cb_read_host_interrupt_pin
 .text.cyw43_cb_ensure_awake
                0x10010fc0        0xc CMakeFiles/AP_DHCP.dir/Users/stanwancerski/pico/pico-sdk/lib/cyw43-driver/src/cyw43_ctrl.c.o
                0x10010fc0                cyw43_cb_ensure_awake
 .text.cyw43_cb_process_async_event
                0x10010fcc      0x210 CMakeFiles/AP_DHCP.dir/Users/stanwancerski/pico/pico-sdk/lib/cyw43-driver/src/cyw43_ctrl.c.o
                0x10010fcc                cyw43_cb_process_async_event
 .text.cyw43_send_ethernet
                0x100111dc       0xc0 CMakeFiles/AP_DHCP.dir/Users/stanwancerski/pico/pico-sdk/lib/cyw43-driver/src/cyw43_ctrl.c.o
                0x100111dc                cyw43_send_ethernet
 .text.cyw43_wifi_get_mac
                0x1001129c       0x10 CMakeFiles/AP_DHCP.dir/Users/stanwancerski/pico/pico-sdk/lib/cyw43-driver/src/cyw43_ctrl.c.o
                0x1001129c                cyw43_wifi_get_mac
 .text.cyw43_wifi_set_up
                0x100112ac      0x348 CMakeFiles/AP_DHCP.dir/Users/stanwancerski/pico/pico-sdk/lib/cyw43-driver/src/cyw43_ctrl.c.o
                0x100112ac                cyw43_wifi_set_up
 .text.cyw43_gpio_set
                0x100115f4       0xa4 CMakeFiles/AP_DHCP.dir/Users/stanwancerski/pico/pico-sdk/lib/cyw43-driver/src/cyw43_ctrl.c.o
                0x100115f4                cyw43_gpio_set
 .text.cyw43_gpio_get
                0x10011698       0xa4 CMakeFiles/AP_DHCP.dir/Users/stanwancerski/pico/pico-sdk/lib/cyw43-driver/src/cyw43_ctrl.c.o
                0x10011698                cyw43_gpio_get
 .text.pio_sm_set_pindirs_with_mask64
                0x1001173c       0xac CMakeFiles/AP_DHCP.dir/Users/stanwancerski/pico/pico-sdk/src/rp2_common/hardware_pio/pio.c.o
                0x1001173c                pio_sm_set_pindirs_with_mask64
 .text.pio_sm_set_consecutive_pindirs
                0x100117e8       0xb4 CMakeFiles/AP_DHCP.dir/Users/stanwancerski/pico/pico-sdk/src/rp2_common/hardware_pio/pio.c.o
                0x100117e8                pio_sm_set_consecutive_pindirs
 .text.pio_claim_free_sm_and_add_program_for_gpio_range
                0x1001189c      0x184 CMakeFiles/AP_DHCP.dir/Users/stanwancerski/pico/pico-sdk/src/rp2_common/hardware_pio/pio.c.o
                0x1001189c                pio_claim_free_sm_and_add_program_for_gpio_range
 .text.pio_remove_program_and_unclaim_sm
                0x10011a20       0x40 CMakeFiles/AP_DHCP.dir/Users/stanwancerski/pico/pico-sdk/src/rp2_common/hardware_pio/pio.c.o
                0x10011a20                pio_remove_program_and_unclaim_sm
 .text.dma_channel_unclaim
                0x10011a60       0x14 CMakeFiles/AP_DHCP.dir/Users/stanwancerski/pico/pico-sdk/src/rp2_common/hardware_dma/dma.c.o
                0x10011a60                dma_channel_unclaim
 .text.dma_claim_unused_channel
                0x10011a74       0x24 CMakeFiles/AP_DHCP.dir/Users/stanwancerski/pico/pico-sdk/src/rp2_common/hardware_dma/dma.c.o
                0x10011a74                dma_claim_unused_channel
 .text.dma_channel_cleanup
                0x10011a98       0x64 CMakeFiles/AP_DHCP.dir/Users/stanwancerski/pico/pico-sdk/src/rp2_common/hardware_dma/dma.c.o
                0x10011a98                dma_channel_cleanup
 .text.cyw43_sleep_timeout_reached
                0x10011afc       0x10 CMakeFiles/AP_DHCP.dir/Users/stanwancerski/pico/pico-sdk/src/rp2_common/pico_cyw43_driver/cyw43_driver.c.o
 .text.cyw43_irq_init
                0x10011b0c       0x28 CMakeFiles/AP_DHCP.dir/Users/stanwancerski/pico/pico-sdk/src/rp2_common/pico_cyw43_driver/cyw43_driver.c.o
                0x10011b0c                cyw43_irq_init
 .text.cyw43_irq_deinit
                0x10011b34       0x20 CMakeFiles/AP_DHCP.dir/Users/stanwancerski/pico/pico-sdk/src/rp2_common/pico_cyw43_driver/cyw43_driver.c.o
                0x10011b34                cyw43_irq_deinit
 .text.cyw43_gpio_irq_handler
                0x10011b54       0x44 CMakeFiles/AP_DHCP.dir/Users/stanwancerski/pico/pico-sdk/src/rp2_common/pico_cyw43_driver/cyw43_driver.c.o
 .text.cyw43_do_poll
                0x10011b98       0x6c CMakeFiles/AP_DHCP.dir/Users/stanwancerski/pico/pico-sdk/src/rp2_common/pico_cyw43_driver/cyw43_driver.c.o
 .text.cyw43_post_poll_hook
                0x10011c04       0x10 CMakeFiles/AP_DHCP.dir/Users/stanwancerski/pico/pico-sdk/src/rp2_common/pico_cyw43_driver/cyw43_driver.c.o
                0x10011c04                cyw43_post_poll_hook
 .text.cyw43_schedule_internal_poll_dispatch
                0x10011c14       0x18 CMakeFiles/AP_DHCP.dir/Users/stanwancerski/pico/pico-sdk/src/rp2_common/pico_cyw43_driver/cyw43_driver.c.o
                0x10011c14                cyw43_schedule_internal_poll_dispatch
 .text.cyw43_driver_init
                0x10011c2c       0x38 CMakeFiles/AP_DHCP.dir/Users/stanwancerski/pico/pico-sdk/src/rp2_common/pico_cyw43_driver/cyw43_driver.c.o
                0x10011c2c                cyw43_driver_init
 .text.cyw43_driver_deinit
                0x10011c64       0x44 CMakeFiles/AP_DHCP.dir/Users/stanwancerski/pico/pico-sdk/src/rp2_common/pico_cyw43_driver/cyw43_driver.c.o
                0x10011c64                cyw43_driver_deinit
 .text.cyw43_hal_generate_laa_mac
                0x10011ca8       0x28 CMakeFiles/AP_DHCP.dir/Users/stanwancerski/pico/pico-sdk/src/rp2_common/pico_cyw43_driver/cyw43_driver.c.o
                0x10011ca8                cyw43_hal_generate_laa_mac
 .text.cyw43_hal_get_mac
                0x10011cd0       0x14 CMakeFiles/AP_DHCP.dir/Users/stanwancerski/pico/pico-sdk/src/rp2_common/pico_cyw43_driver/cyw43_driver.c.o
                0x10011cd0                cyw43_hal_get_mac
 .text.cyw43_thread_enter
                0x10011ce4       0x14 CMakeFiles/AP_DHCP.dir/Users/stanwancerski/pico/pico-sdk/src/rp2_common/pico_cyw43_driver/cyw43_driver.c.o
                0x10011ce4                cyw43_thread_enter
 .text.cyw43_thread_exit
                0x10011cf8       0x14 CMakeFiles/AP_DHCP.dir/Users/stanwancerski/pico/pico-sdk/src/rp2_common/pico_cyw43_driver/cyw43_driver.c.o
                0x10011cf8                cyw43_thread_exit
 .text.cyw43_await_background_or_timeout_us
                0x10011d0c       0x5c CMakeFiles/AP_DHCP.dir/Users/stanwancerski/pico/pico-sdk/src/rp2_common/pico_cyw43_driver/cyw43_driver.c.o
                0x10011d0c                cyw43_await_background_or_timeout_us
 .text.cyw43_delay_ms
                0x10011d68       0x44 CMakeFiles/AP_DHCP.dir/Users/stanwancerski/pico/pico-sdk/src/rp2_common/pico_cyw43_driver/cyw43_driver.c.o
                0x10011d68                cyw43_delay_ms
 .text.cyw43_delay_us
                0x10011dac       0x30 CMakeFiles/AP_DHCP.dir/Users/stanwancerski/pico/pico-sdk/src/rp2_common/pico_cyw43_driver/cyw43_driver.c.o
                0x10011dac                cyw43_delay_us
 .text.async_context_threadsafe_background_acquire_lock_blocking
                0x10011ddc        0xc CMakeFiles/AP_DHCP.dir/Users/stanwancerski/pico/pico-sdk/src/rp2_common/pico_async_context/async_context_threadsafe_background.c.o
 .text.alarm_handler
                0x10011de8       0x20 CMakeFiles/AP_DHCP.dir/Users/stanwancerski/pico/pico-sdk/src/rp2_common/pico_async_context/async_context_threadsafe_background.c.o
 .text.async_context_threadsafe_background_set_work_pending
                0x10011e08       0x1c CMakeFiles/AP_DHCP.dir/Users/stanwancerski/pico/pico-sdk/src/rp2_common/pico_async_context/async_context_threadsafe_background.c.o
 .text.process_under_lock
                0x10011e24       0xcc CMakeFiles/AP_DHCP.dir/Users/stanwancerski/pico/pico-sdk/src/rp2_common/pico_async_context/async_context_threadsafe_background.c.o
 .text.async_context_threadsafe_background_execute_sync
                0x10011ef0       0x30 CMakeFiles/AP_DHCP.dir/Users/stanwancerski/pico/pico-sdk/src/rp2_common/pico_async_context/async_context_threadsafe_background.c.o
                0x10011ef0                async_context_threadsafe_background_execute_sync
 .text.async_context_threadsafe_background_deinit
                0x10011f20       0x54 CMakeFiles/AP_DHCP.dir/Users/stanwancerski/pico/pico-sdk/src/rp2_common/pico_async_context/async_context_threadsafe_background.c.o
 .text.low_priority_irq_handler
                0x10011f74       0x3c CMakeFiles/AP_DHCP.dir/Users/stanwancerski/pico/pico-sdk/src/rp2_common/pico_async_context/async_context_threadsafe_background.c.o
 .text.async_context_threadsafe_background_wait_for_work_until
                0x10011fb0        0xc CMakeFiles/AP_DHCP.dir/Users/stanwancerski/pico/pico-sdk/src/rp2_common/pico_async_context/async_context_threadsafe_background.c.o
 .text.async_context_threadsafe_background_wait_until
                0x10011fbc       0x1c CMakeFiles/AP_DHCP.dir/Users/stanwancerski/pico/pico-sdk/src/rp2_common/pico_async_context/async_context_threadsafe_background.c.o
 .text.async_context_threadsafe_background_lock_check
                0x10011fd8       0x28 CMakeFiles/AP_DHCP.dir/Users/stanwancerski/pico/pico-sdk/src/rp2_common/pico_async_context/async_context_threadsafe_background.c.o
 .text.async_context_threadsafe_background_release_lock
                0x10012000       0x1c CMakeFiles/AP_DHCP.dir/Users/stanwancerski/pico/pico-sdk/src/rp2_common/pico_async_context/async_context_threadsafe_background.c.o
 .text.async_context_threadsafe_background_when_pending_worker
                0x1001201c       0x34 CMakeFiles/AP_DHCP.dir/Users/stanwancerski/pico/pico-sdk/src/rp2_common/pico_async_context/async_context_threadsafe_background.c.o
 .text.async_context_threadsafe_background_add_when_pending_worker
                0x10012050       0x34 CMakeFiles/AP_DHCP.dir/Users/stanwancerski/pico/pico-sdk/src/rp2_common/pico_async_context/async_context_threadsafe_background.c.o
 .text.async_context_threadsafe_background_remove_at_time_worker
                0x10012084       0x34 CMakeFiles/AP_DHCP.dir/Users/stanwancerski/pico/pico-sdk/src/rp2_common/pico_async_context/async_context_threadsafe_background.c.o
 .text.async_context_threadsafe_background_add_at_time_worker
                0x100120b8       0x34 CMakeFiles/AP_DHCP.dir/Users/stanwancerski/pico/pico-sdk/src/rp2_common/pico_async_context/async_context_threadsafe_background.c.o
 .text.async_context_threadsafe_background_default_config
                0x100120ec        0xc CMakeFiles/AP_DHCP.dir/Users/stanwancerski/pico/pico-sdk/src/rp2_common/pico_async_context/async_context_threadsafe_background.c.o
                0x100120ec                async_context_threadsafe_background_default_config
 .text.async_context_threadsafe_background_init
                0x100120f8       0x8c CMakeFiles/AP_DHCP.dir/Users/stanwancerski/pico/pico-sdk/src/rp2_common/pico_async_context/async_context_threadsafe_background.c.o
                0x100120f8                async_context_threadsafe_background_init
 .text.first_per_core_initializer
                0x10012184        0x4 CMakeFiles/AP_DHCP.dir/Users/stanwancerski/pico/pico-sdk/src/rp2_common/pico_runtime/runtime.c.o
 .text.hard_assertion_failure
                0x10012188        0xc CMakeFiles/AP_DHCP.dir/Users/stanwancerski/pico/pico-sdk/src/rp2_common/pico_runtime/runtime.c.o
                0x10012188                hard_assertion_failure
 .text.runtime_run_initializers
                0x10012194       0x28 CMakeFiles/AP_DHCP.dir/Users/stanwancerski/pico/pico-sdk/src/rp2_common/pico_runtime/runtime.c.o
                0x10012194                runtime_run_initializers
 .text.runtime_init_early_resets
                0x100121bc       0x2c CMakeFiles/AP_DHCP.dir/Users/stanwancerski/pico/pico-sdk/src/rp2_common/pico_runtime_init/runtime_init.c.o
                0x100121bc                runtime_init_early_resets
 .text.runtime_init_usb_power_down
                0x100121e8       0x1c CMakeFiles/AP_DHCP.dir/Users/stanwancerski/pico/pico-sdk/src/rp2_common/pico_runtime_init/runtime_init.c.o
                0x100121e8                runtime_init_usb_power_down
 .text.runtime_init_post_clock_resets
                0x10012204       0x20 CMakeFiles/AP_DHCP.dir/Users/stanwancerski/pico/pico-sdk/src/rp2_common/pico_runtime_init/runtime_init.c.o
                0x10012204                runtime_init_post_clock_resets
 .text.runtime_init_rp2040_gpio_ie_disable
                0x10012224       0x14 CMakeFiles/AP_DHCP.dir/Users/stanwancerski/pico/pico-sdk/src/rp2_common/pico_runtime_init/runtime_init.c.o
                0x10012224                runtime_init_rp2040_gpio_ie_disable
 .text.runtime_init_spin_locks_reset
                0x10012238        0x8 CMakeFiles/AP_DHCP.dir/Users/stanwancerski/pico/pico-sdk/src/rp2_common/pico_runtime_init/runtime_init.c.o
                0x10012238                runtime_init_spin_locks_reset
 .text.runtime_init_install_ram_vector_table
                0x10012240       0x1c CMakeFiles/AP_DHCP.dir/Users/stanwancerski/pico/pico-sdk/src/rp2_common/pico_runtime_init/runtime_init.c.o
                0x10012240                runtime_init_install_ram_vector_table
 .text.runtime_init_clocks
                0x1001225c       0xd8 CMakeFiles/AP_DHCP.dir/Users/stanwancerski/pico/pico-sdk/src/rp2_common/pico_runtime_init/runtime_init_clocks.c.o
                0x1001225c                runtime_init_clocks
 .text          0x10012334       0x10 CMakeFiles/AP_DHCP.dir/Users/stanwancerski/pico/pico-sdk/src/rp2_common/pico_bit_ops/bit_ops_aeabi.S.o
 .text.ctzsi    0x10012344        0xc CMakeFiles/AP_DHCP.dir/Users/stanwancerski/pico/pico-sdk/src/rp2_common/pico_bit_ops/bit_ops_aeabi.S.o
                0x10012344                __wrap___ctzsi2
 .text.__wrap___aeabi_idiv
                0x10012350       0x50 CMakeFiles/AP_DHCP.dir/Users/stanwancerski/pico/pico-sdk/src/rp2_common/pico_divider/divider_hardware.S.o
                0x10012350                __wrap___aeabi_idivmod
                0x10012350                divmod_s32s32
                0x10012350                div_s32s32
                0x10012350                __wrap___aeabi_idiv
                0x10012358                divmod_s32s32_unsafe
                0x10012384                divmod_s32s32_savestate
 .text.__wrap___aeabi_uidiv
                0x100123a0       0x4c CMakeFiles/AP_DHCP.dir/Users/stanwancerski/pico/pico-sdk/src/rp2_common/pico_divider/divider_hardware.S.o
                0x100123a0                __wrap___aeabi_uidiv
                0x100123a0                __wrap___aeabi_uidivmod
                0x100123a0                div_u32u32
                0x100123a0                divmod_u32u32
                0x100123a8                divmod_u32u32_unsafe
                0x100123d0                divmod_u32u32_savestate
 .text.__wrap___aeabi_ldiv
                0x100123ec      0x424 CMakeFiles/AP_DHCP.dir/Users/stanwancerski/pico/pico-sdk/src/rp2_common/pico_divider/divider_hardware.S.o
                0x100123ec                __wrap___aeabi_ldivmod
                0x100123ec                div_s64s64
                0x100123ec                divmod_s64s64
                0x1001241c                divmod_u64u64
                0x1001241c                div_u64u64
                0x1001241c                __wrap___aeabi_uldivmod
                0x1001242c                divmod_u64u64_savestate
                0x1001244c                divmod_s64s64_unsafe
                0x100124d4                divmod_u64u64_unsafe
 .text.__wrap___aeabi_darithmetic
                0x10012810       0x60 CMakeFiles/AP_DHCP.dir/Users/stanwancerski/pico/pico-sdk/src/rp2_common/pico_double/double_aeabi_rp2040.S.o
                0x10012810                __wrap___aeabi_drsub
                0x10012816                __wrap___aeabi_dsub
                0x10012820                __wrap___aeabi_dadd
                0x1001282a                __wrap___aeabi_ddiv
                0x1001285e                __wrap___aeabi_dmul
 .text.__wrap___aeabi_cdcmple
                0x10012870       0x6c CMakeFiles/AP_DHCP.dir/Users/stanwancerski/pico/pico-sdk/src/rp2_common/pico_double/double_aeabi_rp2040.S.o
                0x10012870                __wrap___aeabi_cdrcmple
                0x10012880                __wrap___aeabi_cdcmple
                0x10012880                __wrap___aeabi_cdcmpeq
 .text.__wrap___aeabi_dcmpeq
                0x100128dc       0x10 CMakeFiles/AP_DHCP.dir/Users/stanwancerski/pico/pico-sdk/src/rp2_common/pico_double/double_aeabi_rp2040.S.o
                0x100128dc                __wrap___aeabi_dcmpeq
 .text.__wrap___aeabi_dcmplt
                0x100128ec        0xc CMakeFiles/AP_DHCP.dir/Users/stanwancerski/pico/pico-sdk/src/rp2_common/pico_double/double_aeabi_rp2040.S.o
                0x100128ec                __wrap___aeabi_dcmplt
 .text.__wrap___aeabi_dcmple
                0x100128f8       0x10 CMakeFiles/AP_DHCP.dir/Users/stanwancerski/pico/pico-sdk/src/rp2_common/pico_double/double_aeabi_rp2040.S.o
                0x100128f8                __wrap___aeabi_dcmple
 .text.__wrap___aeabi_dcmpge
                0x10012908       0x10 CMakeFiles/AP_DHCP.dir/Users/stanwancerski/pico/pico-sdk/src/rp2_common/pico_double/double_aeabi_rp2040.S.o
                0x10012908                __wrap___aeabi_dcmpge
 .text.__wrap___aeabi_dcmpgt
                0x10012918        0xa CMakeFiles/AP_DHCP.dir/Users/stanwancerski/pico/pico-sdk/src/rp2_common/pico_double/double_aeabi_rp2040.S.o
                0x10012918                __wrap___aeabi_dcmpgt
 .text.__wrap___aeabi_dcmpun
                0x10012922       0x18 CMakeFiles/AP_DHCP.dir/Users/stanwancerski/pico/pico-sdk/src/rp2_common/pico_double/double_aeabi_rp2040.S.o
                0x10012922                __wrap___aeabi_dcmpun
 *fill*         0x1001293a        0x2 
 .text.__wrap___aeabi_i2d
                0x1001293c       0x38 CMakeFiles/AP_DHCP.dir/Users/stanwancerski/pico/pico-sdk/src/rp2_common/pico_double/double_aeabi_rp2040.S.o
                0x1001293c                __wrap___aeabi_ui2d
                0x1001293c                uint2double
                0x10012944                __wrap___aeabi_i2d
                0x10012944                int2double
 .text.__wrap___aeabi_d2iz
                0x10012974       0x48 CMakeFiles/AP_DHCP.dir/Users/stanwancerski/pico/pico-sdk/src/rp2_common/pico_double/double_aeabi_rp2040.S.o
                0x10012974                __wrap___aeabi_d2iz
                0x10012974                double2int_z
 .text.__wrap___aeabi_d2uiz
                0x100129bc       0x10 CMakeFiles/AP_DHCP.dir/Users/stanwancerski/pico/pico-sdk/src/rp2_common/pico_double/double_aeabi_rp2040.S.o
                0x100129bc                double2uint_z
                0x100129bc                double2uint
                0x100129bc                __wrap___aeabi_d2uiz
 .text.__wrap___aeabi_l2d
                0x100129cc       0x10 CMakeFiles/AP_DHCP.dir/Users/stanwancerski/pico/pico-sdk/src/rp2_common/pico_double/double_aeabi_rp2040.S.o
                0x100129cc                __wrap___aeabi_l2d
                0x100129cc                int642double
 .text.__wrap___aeabi_d2lz
                0x100129dc       0x26 CMakeFiles/AP_DHCP.dir/Users/stanwancerski/pico/pico-sdk/src/rp2_common/pico_double/double_aeabi_rp2040.S.o
                0x100129dc                __wrap___aeabi_d2lz
                0x100129dc                double2int64_z
 *fill*         0x10012a02        0x2 
 .text.double2int64
                0x10012a04       0x10 CMakeFiles/AP_DHCP.dir/Users/stanwancerski/pico/pico-sdk/src/rp2_common/pico_double/double_aeabi_rp2040.S.o
                0x10012a04                double2int64
 .text.double2ufix64
                0x10012a14       0x10 CMakeFiles/AP_DHCP.dir/Users/stanwancerski/pico/pico-sdk/src/rp2_common/pico_double/double_aeabi_rp2040.S.o
                0x10012a14                double2ufix64
                0x10012a14                double2ufix64_z
 .text.__wrap___aeabi_d2f
                0x10012a24       0x10 CMakeFiles/AP_DHCP.dir/Users/stanwancerski/pico/pico-sdk/src/rp2_common/pico_double/double_aeabi_rp2040.S.o
                0x10012a24                __wrap___aeabi_d2f
 .text.missing_double_func_shim
                0x10012a34        0xc CMakeFiles/AP_DHCP.dir/Users/stanwancerski/pico/pico-sdk/src/rp2_common/pico_double/double_init_rom_rp2040.c.o
 .text.__aeabi_double_init
                0x10012a40       0xa0 CMakeFiles/AP_DHCP.dir/Users/stanwancerski/pico/pico-sdk/src/rp2_common/pico_double/double_init_rom_rp2040.c.o
                0x10012a40                __aeabi_double_init
 .text.double_table_shim_on_use_helper
                0x10012ae0       0x2c CMakeFiles/AP_DHCP.dir/Users/stanwancerski/pico/pico-sdk/src/rp2_common/pico_double/double_v1_rom_shim_rp2040.S.o
                0x10012ae0                double_table_shim_on_use_helper
 .text.__aeabi_lmul
                0x10012b0c       0x32 CMakeFiles/AP_DHCP.dir/Users/stanwancerski/pico/pico-sdk/src/rp2_common/pico_int64_ops/pico_int64_ops_aeabi.S.o
                0x10012b0c                __wrap___aeabi_lmul
 *fill*         0x10012b3e        0x2 
 .text.missing_float_func_shim
                0x10012b40        0xc CMakeFiles/AP_DHCP.dir/Users/stanwancerski/pico/pico-sdk/src/rp2_common/pico_float/float_init_rom_rp2040.c.o
 .text.__aeabi_float_init
                0x10012b4c       0x5c CMakeFiles/AP_DHCP.dir/Users/stanwancerski/pico/pico-sdk/src/rp2_common/pico_float/float_init_rom_rp2040.c.o
                0x10012b4c                __aeabi_float_init
 .text.__wrap_malloc
                0x10012ba8       0x24 CMakeFiles/AP_DHCP.dir/Users/stanwancerski/pico/pico-sdk/src/rp2_common/pico_malloc/malloc.c.o
                0x10012ba8                __wrap_malloc
 .text.__wrap_realloc
                0x10012bcc       0x24 CMakeFiles/AP_DHCP.dir/Users/stanwancerski/pico/pico-sdk/src/rp2_common/pico_malloc/malloc.c.o
                0x10012bcc                __wrap_realloc
 .text.__wrap_free
                0x10012bf0        0x8 CMakeFiles/AP_DHCP.dir/Users/stanwancerski/pico/pico-sdk/src/rp2_common/pico_malloc/malloc.c.o
                0x10012bf0                __wrap_free
 .text          0x10012bf8       0x10 CMakeFiles/AP_DHCP.dir/Users/stanwancerski/pico/pico-sdk/src/rp2_common/pico_mem_ops/mem_ops_aeabi.S.o
                0x10012bf8                __aeabi_mem_init
 .text.memset   0x10012c08        0xc CMakeFiles/AP_DHCP.dir/Users/stanwancerski/pico/pico-sdk/src/rp2_common/pico_mem_ops/mem_ops_aeabi.S.o
                0x10012c08                __wrap_memset
 .text.memcpy   0x10012c14        0xc CMakeFiles/AP_DHCP.dir/Users/stanwancerski/pico/pico-sdk/src/rp2_common/pico_mem_ops/mem_ops_aeabi.S.o
                0x10012c14                __wrap___aeabi_memcpy
                0x10012c14                __wrap_memcpy
 .text._Znwj    0x10012c20        0x8 CMakeFiles/AP_DHCP.dir/Users/stanwancerski/pico/pico-sdk/src/rp2_common/pico_cxx_options/new_delete.cpp.o
                0x10012c20                operator new(unsigned int)
 .text._ZdlPvj  0x10012c28        0x8 CMakeFiles/AP_DHCP.dir/Users/stanwancerski/pico/pico-sdk/src/rp2_common/pico_cxx_options/new_delete.cpp.o
                0x10012c28                operator delete(void*, unsigned int)
 .text._out_buffer
                0x10012c30        0x8 CMakeFiles/AP_DHCP.dir/Users/stanwancerski/pico/pico-sdk/src/rp2_common/pico_printf/printf.c.o
 .text._out_null
                0x10012c38        0x4 CMakeFiles/AP_DHCP.dir/Users/stanwancerski/pico/pico-sdk/src/rp2_common/pico_printf/printf.c.o
 .text._out_rev
                0x10012c3c       0xac CMakeFiles/AP_DHCP.dir/Users/stanwancerski/pico/pico-sdk/src/rp2_common/pico_printf/printf.c.o
 .text._ntoa_format
                0x10012ce8      0x1cc CMakeFiles/AP_DHCP.dir/Users/stanwancerski/pico/pico-sdk/src/rp2_common/pico_printf/printf.c.o
 .text._out_char